***********************************************************************************************
***                                                                                         ***
***                                    LINK INFORMATION                                     ***
***                                                                                         ***
***********************************************************************************************

Linker version:

  SEGGER ARM Linker 4.44.2 compiled Apr 14 2025 15:08:43
  Copyright (c) 2017-2024 SEGGER Microcontroller GmbH    www.segger.com


***********************************************************************************************
***                                                                                         ***
***                                     MODULE SUMMARY                                      ***
***                                                                                         ***
***********************************************************************************************

Memory use by input file:

  Object File                                       RX Code     RO Data     RW Data     ZI Data
  ---------------------------------------------  ----------  ----------  ----------  ----------
  main.o                                                150       1 080                        
  SEGGER_THUMB_Startup.o                                 20                                    
  STM32L432KC_FLASH.o                                    26                                    
  STM32L432KC_GPIO.o                                    186                                    
  STM32L432KC_RCC.o                                     312                                    
  STM32L432KC_TIM.o                                     480                                    
  stm32l432xx_Vectors.o                                 532                                    
  STM32L4xx_Startup.o                                    64                                    
  system_stm32l4xx.o                                    462          64           4            
  ---------------------------------------------  ----------  ----------  ----------  ----------
  Subtotal (9 objects)                                2 232       1 144           4            
  ---------------------------------------------  ----------  ----------  ----------  ----------
  libc_v7em_fpv4_sp_d16_hard_t_le_eabi_balanced.a
                                                      1 092                                    
  SEGGER_crtinit_v7em_fpv4_sp_d16_hard_t_le_eabi_balanced.a
                                                         56                                    
  ---------------------------------------------  ----------  ----------  ----------  ----------
  Subtotal (2 archives)                               1 148                                    
  ---------------------------------------------  ----------  ----------  ----------  ----------
  Linker created (shared data, fills, blocks):                       28                   2 048
  =============================================  ==========  ==========  ==========  ==========
  Total:                                              3 380       1 172           4       2 048
  =============================================  ==========  ==========  ==========  ==========

Memory use by archive member:

  Archive member                                    RX Code     RO Data     RW Data     ZI Data
  ---------------------------------------------  ----------  ----------  ----------  ----------
  floatasmops_arm.o (libc_v7em_fpv4_sp_d16_hard_t_le_eabi_balanced.a)
                                                      1 092                                    
  SEGGER_crtinit.o (SEGGER_crtinit_v7em_fpv4_sp_d16_hard_t_le_eabi_balanced.a)
                                                         56                                    
  ---------------------------------------------  ----------  ----------  ----------  ----------
  Subtotal (2 members from 2 archives)                1 148                                    
  Objects (9 files)                                   2 232       1 144           4            
  Linker created (shared data, fills, blocks):                       28                   2 048
  =============================================  ==========  ==========  ==========  ==========
  Total:                                              3 380       1 172           4       2 048
  =============================================  ==========  ==========  ==========  ==========

Memory use by linker:

  Description                                       RX Code     RO Data     RW Data     ZI Data
  ---------------------------------------------  ----------  ----------  ----------  ----------
  Initialization table                                               28                        
  Memory for block 'stack'                                                                2 048
  ---------------------------------------------  ----------  ----------  ----------  ----------
  Subtotal (linker created):                                         28                   2 048
  ---------------------------------------------  ----------  ----------  ----------  ----------
  Objects (9 files)                                   2 232       1 144           4            
  Archives (2 files)                                  1 148                                    
  =============================================  ==========  ==========  ==========  ==========
  Total:                                              3 380       1 172           4       2 048
  =============================================  ==========  ==========  ==========  ==========


***********************************************************************************************
***                                                                                         ***
***                                     SECTION DETAIL                                      ***
***                                                                                         ***
***********************************************************************************************

Sections by address:

  Range              Symbol or [section] Name         Size  Al  Init  Ac  Object File
  -----------------  -------------------------  ----------  --  ----  --  -----------
  08000000-0800018b  _vectors                          396  512
                                                                Code  RX  stm32l432xx_Vectors.o
  0800018c-0800018d  NMI_Handler                         2   2  Code  RX  stm32l432xx_Vectors.o
  0800018e-0800018f  MemManage_Handler                   2   2  Code  RX  stm32l432xx_Vectors.o
  08000190-0800022f  defineDutyFreq                    160   8  Code  RX  STM32L432KC_TIM.o
  08000230-0800028b  SystemInit                         92   4  Code  RX  system_stm32l4xx.o
  0800028c-080002bb  MSIRangeTable                      48   4  Cnst  RO  system_stm32l4xx.o
  080002bc-08000317  melody                             92   4  Code  RX  main.o
  08000318-0800067f  notes                             872   4  Cnst  RO  main.o
  08000680-0800074f  birthday                          208   4  Cnst  RO  main.o
  08000750-08000777  enablePWM                          40   4  Code  RX  STM32L432KC_GPIO.o
  08000778-080007ef  configureTIM15                    120   4  Code  RX  STM32L432KC_TIM.o
  080007f0-08000803  _start                             20   4  Code  RX  SEGGER_THUMB_Startup.o
  08000804-0800082b  HardFault_Handler                  40   4  Code  RX  STM32L4xx_Startup.o
  0800082c-08000a6b  __aeabi_dadd                      576   4  Code  RX  floatasmops_arm.o (libc_v7em_fpv4_sp_d16_hard_t_le_eabi_balanced.a)
  08000a6c-08000c2f  __aeabi_ddiv                      452   4  Code  RX  floatasmops_arm.o (libc_v7em_fpv4_sp_d16_hard_t_le_eabi_balanced.a)
  08000c30-08000c53  __aeabi_d2uiz                      36   4  Code  RX  floatasmops_arm.o (libc_v7em_fpv4_sp_d16_hard_t_le_eabi_balanced.a)
  08000c54-08000c6f  __aeabi_ui2d                       28   4  Code  RX  floatasmops_arm.o (libc_v7em_fpv4_sp_d16_hard_t_le_eabi_balanced.a)
  08000c70-08000de1  SystemCoreClockUpdate             370   4  Code  RX  system_stm32l4xx.o
  08000de2-08000de3  BusFault_Handler                    2   2  Code  RX  stm32l432xx_Vectors.o
  08000de4-08000e1d  main                               58   4  Code  RX  main.o
  08000e1e-08000e1f  UsageFault_Handler                  2   2  Code  RX  stm32l432xx_Vectors.o
  08000e20-08000e39  configureFlash                     26   4  Code  RX  STM32L432KC_FLASH.o
  08000e3a-08000e3b  SVC_Handler                         2   2  Code  RX  stm32l432xx_Vectors.o
  08000e3c-08000ecd  pinMode                           146   4  Code  RX  STM32L432KC_GPIO.o
  08000ece-08000ecf  DebugMon_Handler                    2   2  Code  RX  stm32l432xx_Vectors.o
  08000ed0-08000fa5  configurePLL                      214   4  Code  RX  STM32L432KC_RCC.o
  08000fa6-08000fa7  PendSV_Handler                      2   2  Code  RX  stm32l432xx_Vectors.o
  08000fa8-08001009  configureClock                     98   4  Code  RX  STM32L432KC_RCC.o
  0800100a-0800100b  SysTick_Handler                     2   2  Code  RX  stm32l432xx_Vectors.o
  0800100c-08001061  delay                              86   4  Code  RX  STM32L432KC_TIM.o
  08001062-08001063  WWDG_IRQHandler                     2   2  Code  RX  stm32l432xx_Vectors.o
  08001064-080010d5  configureTIM16                    114   4  Code  RX  STM32L432KC_TIM.o
  080010d6-080010d7  PVD_PVM_IRQHandler                  2   2  Code  RX  stm32l432xx_Vectors.o
  080010d8-080010d9  TAMP_STAMP_IRQHandler               2   2  Code  RX  stm32l432xx_Vectors.o
  080010da-080010db  RTC_WKUP_IRQHandler                 2   2  Code  RX  stm32l432xx_Vectors.o
  080010dc-080010dd  FLASH_IRQHandler                    2   2  Code  RX  stm32l432xx_Vectors.o
  080010de-080010df  RCC_IRQHandler                      2   2  Code  RX  stm32l432xx_Vectors.o
  080010e0-080010e1  EXTI0_IRQHandler                    2   2  Code  RX  stm32l432xx_Vectors.o
  080010e2-080010e3  EXTI1_IRQHandler                    2   2  Code  RX  stm32l432xx_Vectors.o
  080010e4-080010e5  EXTI2_IRQHandler                    2   2  Code  RX  stm32l432xx_Vectors.o
  080010e6-080010e7  EXTI3_IRQHandler                    2   2  Code  RX  stm32l432xx_Vectors.o
  080010e8-080010e9  EXTI4_IRQHandler                    2   2  Code  RX  stm32l432xx_Vectors.o
  080010ea-080010eb  DMA1_Channel1_IRQHandler            2   2  Code  RX  stm32l432xx_Vectors.o
  080010ec-080010ed  DMA1_Channel2_IRQHandler            2   2  Code  RX  stm32l432xx_Vectors.o
  080010ee-080010ef  DMA1_Channel3_IRQHandler            2   2  Code  RX  stm32l432xx_Vectors.o
  080010f0-080010f1  DMA1_Channel4_IRQHandler            2   2  Code  RX  stm32l432xx_Vectors.o
  080010f2-080010f3  DMA1_Channel5_IRQHandler            2   2  Code  RX  stm32l432xx_Vectors.o
  080010f4-080010f5  DMA1_Channel6_IRQHandler            2   2  Code  RX  stm32l432xx_Vectors.o
  080010f6-080010f7  DMA1_Channel7_IRQHandler            2   2  Code  RX  stm32l432xx_Vectors.o
  080010f8-080010f9  ADC1_IRQHandler                     2   2  Code  RX  stm32l432xx_Vectors.o
  080010fa-080010fb  CAN1_TX_IRQHandler                  2   2  Code  RX  stm32l432xx_Vectors.o
  080010fc-080010fd  CAN1_RX0_IRQHandler                 2   2  Code  RX  stm32l432xx_Vectors.o
  080010fe-080010ff  CAN1_RX1_IRQHandler                 2   2  Code  RX  stm32l432xx_Vectors.o
  08001100-08001101  CAN1_SCE_IRQHandler                 2   2  Code  RX  stm32l432xx_Vectors.o
  08001102-08001103  EXTI9_5_IRQHandler                  2   2  Code  RX  stm32l432xx_Vectors.o
  08001104-08001105  TIM1_BRK_TIM15_IRQHandler           2   2  Code  RX  stm32l432xx_Vectors.o
  08001106-08001107  TIM1_UP_TIM16_IRQHandler            2   2  Code  RX  stm32l432xx_Vectors.o
  08001108-08001109  TIM1_TRG_COM_IRQHandler             2   2  Code  RX  stm32l432xx_Vectors.o
  0800110a-0800110b  TIM1_CC_IRQHandler                  2   2  Code  RX  stm32l432xx_Vectors.o
  0800110c-0800110d  TIM2_IRQHandler                     2   2  Code  RX  stm32l432xx_Vectors.o
  0800110e-0800110f  I2C1_EV_IRQHandler                  2   2  Code  RX  stm32l432xx_Vectors.o
  08001110-08001111  I2C1_ER_IRQHandler                  2   2  Code  RX  stm32l432xx_Vectors.o
  08001112-08001113  SPI1_IRQHandler                     2   2  Code  RX  stm32l432xx_Vectors.o
  08001114-08001115  USART1_IRQHandler                   2   2  Code  RX  stm32l432xx_Vectors.o
  08001116-08001117  USART2_IRQHandler                   2   2  Code  RX  stm32l432xx_Vectors.o
  08001118-08001119  EXTI15_10_IRQHandler                2   2  Code  RX  stm32l432xx_Vectors.o
  0800111a-0800111b  RTC_Alarm_IRQHandler                2   2  Code  RX  stm32l432xx_Vectors.o
  0800111c-0800111d  SPI3_IRQHandler                     2   2  Code  RX  stm32l432xx_Vectors.o
  0800111e-0800111f  TIM6_DAC_IRQHandler                 2   2  Code  RX  stm32l432xx_Vectors.o
  08001120-08001121  TIM7_IRQHandler                     2   2  Code  RX  stm32l432xx_Vectors.o
  08001122-08001123  DMA2_Channel1_IRQHandler            2   2  Code  RX  stm32l432xx_Vectors.o
  08001124-08001125  DMA2_Channel2_IRQHandler            2   2  Code  RX  stm32l432xx_Vectors.o
  08001126-08001127  DMA2_Channel3_IRQHandler            2   2  Code  RX  stm32l432xx_Vectors.o
  08001128-08001129  DMA2_Channel4_IRQHandler            2   2  Code  RX  stm32l432xx_Vectors.o
  0800112a-0800112b  DMA2_Channel5_IRQHandler            2   2  Code  RX  stm32l432xx_Vectors.o
  0800112c-0800112d  COMP_IRQHandler                     2   2  Code  RX  stm32l432xx_Vectors.o
  0800112e-0800112f  LPTIM1_IRQHandler                   2   2  Code  RX  stm32l432xx_Vectors.o
  08001130-08001131  LPTIM2_IRQHandler                   2   2  Code  RX  stm32l432xx_Vectors.o
  08001132-08001133  USB_IRQHandler                      2   2  Code  RX  stm32l432xx_Vectors.o
  08001134-08001135  DMA2_Channel6_IRQHandler            2   2  Code  RX  stm32l432xx_Vectors.o
  08001136-08001137  DMA2_Channel7_IRQHandler            2   2  Code  RX  stm32l432xx_Vectors.o
  08001138-08001139  LPUART1_IRQHandler                  2   2  Code  RX  stm32l432xx_Vectors.o
  0800113a-0800113b  QUADSPI_IRQHandler                  2   2  Code  RX  stm32l432xx_Vectors.o
  0800113c-0800113d  I2C3_EV_IRQHandler                  2   2  Code  RX  stm32l432xx_Vectors.o
  0800113e-0800113f  I2C3_ER_IRQHandler                  2   2  Code  RX  stm32l432xx_Vectors.o
  08001140-08001141  SAI1_IRQHandler                     2   2  Code  RX  stm32l432xx_Vectors.o
  08001142-08001143  SWPMI1_IRQHandler                   2   2  Code  RX  stm32l432xx_Vectors.o
  08001144-08001145  TSC_IRQHandler                      2   2  Code  RX  stm32l432xx_Vectors.o
  08001146-08001147  RNG_IRQHandler                      2   2  Code  RX  stm32l432xx_Vectors.o
  08001148-08001149  FPU_IRQHandler                      2   2  Code  RX  stm32l432xx_Vectors.o
  0800114a-0800114b  CRS_IRQHandler                      2   2  Code  RX  stm32l432xx_Vectors.o
  0800114c-08001163  reset_handler                      24   2  Code  RX  STM32L4xx_Startup.o
  08001164-08001167  [.init_array]                       4   4  ----  --  STM32L4xx_Startup.o
  08001168-08001177  AHBPrescTable                      16   1  Cnst  RO  system_stm32l4xx.o
  08001178-0800119b  __SEGGER_init_ctors                36   4  Code  RX  SEGGER_crtinit.o (SEGGER_crtinit_v7em_fpv4_sp_d16_hard_t_le_eabi_balanced.a)
  0800119c-080011b3  __SEGGER_init_table__              24   4  Cnst  RO  [ Linker created ]
  080011b4-080011b7  __SEGGER_init_data__                4   4  Cnst  RO  [ Linker created ]
  080011b8-080011cb  __SEGGER_init_copy                 20   2  Code  RX  SEGGER_crtinit.o (SEGGER_crtinit_v7em_fpv4_sp_d16_hard_t_le_eabi_balanced.a)
  080011cc-0fffffff  ( UNUSED .=.+134213172 )   134 213 172
                                                             -  ----  -   -
  10000000-10000003  SystemCoreClock                     4   4  Init  RW  system_stm32l4xx.o
  10000004-2000b7ff  ( UNUSED .=.+268482556 )   268 482 556
                                                             -  ----  -   -
  2000b800-2000bfff  [.bss.block.stack]              2 048   8  None  ZI  [ Linker created ]


***********************************************************************************************
***                                                                                         ***
***                                       SYMBOL LIST                                       ***
***                                                                                         ***
***********************************************************************************************

Function symbols by name:

  Symbol name                   Address        Size  Align  Type  Bd  Object File
  -------------------------  ----------  ----------  -----  ----  --  -----------
  ADC1_IRQHandler            0x080010F9                  2  Code  Wk  stm32l432xx_Vectors.o
  BusFault_Handler           0x08000DE3                  2  Code  Wk  stm32l432xx_Vectors.o
  CAN1_RX0_IRQHandler        0x080010FD                  2  Code  Wk  stm32l432xx_Vectors.o
  CAN1_RX1_IRQHandler        0x080010FF                  2  Code  Wk  stm32l432xx_Vectors.o
  CAN1_SCE_IRQHandler        0x08001101                  2  Code  Wk  stm32l432xx_Vectors.o
  CAN1_TX_IRQHandler         0x080010FB                  2  Code  Wk  stm32l432xx_Vectors.o
  COMP_IRQHandler            0x0800112D                  2  Code  Wk  stm32l432xx_Vectors.o
  CRS_IRQHandler             0x0800114B                  2  Code  Wk  stm32l432xx_Vectors.o
  DMA1_Channel1_IRQHandler   0x080010EB                  2  Code  Wk  stm32l432xx_Vectors.o
  DMA1_Channel2_IRQHandler   0x080010ED                  2  Code  Wk  stm32l432xx_Vectors.o
  DMA1_Channel3_IRQHandler   0x080010EF                  2  Code  Wk  stm32l432xx_Vectors.o
  DMA1_Channel4_IRQHandler   0x080010F1                  2  Code  Wk  stm32l432xx_Vectors.o
  DMA1_Channel5_IRQHandler   0x080010F3                  2  Code  Wk  stm32l432xx_Vectors.o
  DMA1_Channel6_IRQHandler   0x080010F5                  2  Code  Wk  stm32l432xx_Vectors.o
  DMA1_Channel7_IRQHandler   0x080010F7                  2  Code  Wk  stm32l432xx_Vectors.o
  DMA2_Channel1_IRQHandler   0x08001123                  2  Code  Wk  stm32l432xx_Vectors.o
  DMA2_Channel2_IRQHandler   0x08001125                  2  Code  Wk  stm32l432xx_Vectors.o
  DMA2_Channel3_IRQHandler   0x08001127                  2  Code  Wk  stm32l432xx_Vectors.o
  DMA2_Channel4_IRQHandler   0x08001129                  2  Code  Wk  stm32l432xx_Vectors.o
  DMA2_Channel5_IRQHandler   0x0800112B                  2  Code  Wk  stm32l432xx_Vectors.o
  DMA2_Channel6_IRQHandler   0x08001135                  2  Code  Wk  stm32l432xx_Vectors.o
  DMA2_Channel7_IRQHandler   0x08001137                  2  Code  Wk  stm32l432xx_Vectors.o
  DebugMon_Handler           0x08000ECF                  2  Code  Wk  stm32l432xx_Vectors.o
  EXTI0_IRQHandler           0x080010E1                  2  Code  Wk  stm32l432xx_Vectors.o
  EXTI15_10_IRQHandler       0x08001119                  2  Code  Wk  stm32l432xx_Vectors.o
  EXTI1_IRQHandler           0x080010E3                  2  Code  Wk  stm32l432xx_Vectors.o
  EXTI2_IRQHandler           0x080010E5                  2  Code  Wk  stm32l432xx_Vectors.o
  EXTI3_IRQHandler           0x080010E7                  2  Code  Wk  stm32l432xx_Vectors.o
  EXTI4_IRQHandler           0x080010E9                  2  Code  Wk  stm32l432xx_Vectors.o
  EXTI9_5_IRQHandler         0x08001103                  2  Code  Wk  stm32l432xx_Vectors.o
  FLASH_IRQHandler           0x080010DD                  2  Code  Wk  stm32l432xx_Vectors.o
  FPU_IRQHandler             0x08001149                  2  Code  Wk  stm32l432xx_Vectors.o
  HardFault_Handler          0x08000805                  4  Code  Wk  STM32L4xx_Startup.o
  I2C1_ER_IRQHandler         0x08001111                  2  Code  Wk  stm32l432xx_Vectors.o
  I2C1_EV_IRQHandler         0x0800110F                  2  Code  Wk  stm32l432xx_Vectors.o
  I2C3_ER_IRQHandler         0x0800113F                  2  Code  Wk  stm32l432xx_Vectors.o
  I2C3_EV_IRQHandler         0x0800113D                  2  Code  Wk  stm32l432xx_Vectors.o
  LPTIM1_IRQHandler          0x0800112F                  2  Code  Wk  stm32l432xx_Vectors.o
  LPTIM2_IRQHandler          0x08001131                  2  Code  Wk  stm32l432xx_Vectors.o
  LPUART1_IRQHandler         0x08001139                  2  Code  Wk  stm32l432xx_Vectors.o
  MemManage_Handler          0x0800018F                  2  Code  Wk  stm32l432xx_Vectors.o
  NMI_Handler                0x0800018D                  2  Code  Wk  stm32l432xx_Vectors.o
  PVD_PVM_IRQHandler         0x080010D7                  2  Code  Wk  stm32l432xx_Vectors.o
  PendSV_Handler             0x08000FA7                  2  Code  Wk  stm32l432xx_Vectors.o
  QUADSPI_IRQHandler         0x0800113B                  2  Code  Wk  stm32l432xx_Vectors.o
  RCC_IRQHandler             0x080010DF                  2  Code  Wk  stm32l432xx_Vectors.o
  RNG_IRQHandler             0x08001147                  2  Code  Wk  stm32l432xx_Vectors.o
  RTC_Alarm_IRQHandler       0x0800111B                  2  Code  Wk  stm32l432xx_Vectors.o
  RTC_WKUP_IRQHandler        0x080010DB                  2  Code  Wk  stm32l432xx_Vectors.o
  Reset_Handler              0x0800114D                  2  Code  Gb  STM32L4xx_Startup.o
  SAI1_IRQHandler            0x08001141                  2  Code  Wk  stm32l432xx_Vectors.o
  SPI1_IRQHandler            0x08001113                  2  Code  Wk  stm32l432xx_Vectors.o
  SPI3_IRQHandler            0x0800111D                  2  Code  Wk  stm32l432xx_Vectors.o
  SVC_Handler                0x08000E3B                  2  Code  Wk  stm32l432xx_Vectors.o
  SWPMI1_IRQHandler          0x08001143                  2  Code  Wk  stm32l432xx_Vectors.o
  SysTick_Handler            0x0800100B                  2  Code  Wk  stm32l432xx_Vectors.o
  SystemCoreClockUpdate      0x08000C71         370      4  Code  Gb  system_stm32l4xx.o
  SystemInit                 0x08000231          92      4  Code  Gb  system_stm32l4xx.o
  TAMP_STAMP_IRQHandler      0x080010D9                  2  Code  Wk  stm32l432xx_Vectors.o
  TIM1_BRK_TIM15_IRQHandler  0x08001105                  2  Code  Wk  stm32l432xx_Vectors.o
  TIM1_CC_IRQHandler         0x0800110B                  2  Code  Wk  stm32l432xx_Vectors.o
  TIM1_TRG_COM_IRQHandler    0x08001109                  2  Code  Wk  stm32l432xx_Vectors.o
  TIM1_UP_TIM16_IRQHandler   0x08001107                  2  Code  Wk  stm32l432xx_Vectors.o
  TIM2_IRQHandler            0x0800110D                  2  Code  Wk  stm32l432xx_Vectors.o
  TIM6_DAC_IRQHandler        0x0800111F                  2  Code  Wk  stm32l432xx_Vectors.o
  TIM7_IRQHandler            0x08001121                  2  Code  Wk  stm32l432xx_Vectors.o
  TSC_IRQHandler             0x08001145                  2  Code  Wk  stm32l432xx_Vectors.o
  USART1_IRQHandler          0x08001115                  2  Code  Wk  stm32l432xx_Vectors.o
  USART2_IRQHandler          0x08001117                  2  Code  Wk  stm32l432xx_Vectors.o
  USB_IRQHandler             0x08001133                  2  Code  Wk  stm32l432xx_Vectors.o
  UsageFault_Handler         0x08000E1F                  2  Code  Wk  stm32l432xx_Vectors.o
  WWDG_IRQHandler            0x08001063                  2  Code  Wk  stm32l432xx_Vectors.o
  __SEGGER_init_copy         0x080011B9          20      2  Code  Wk  SEGGER_crtinit.o (SEGGER_crtinit_v7em_fpv4_sp_d16_hard_t_le_eabi_balanced.a)
  __SEGGER_init_ctors        0x08001179          26      4  Code  Wk  SEGGER_crtinit.o (SEGGER_crtinit_v7em_fpv4_sp_d16_hard_t_le_eabi_balanced.a)
  __SEGGER_init_done         0x080007FB                  4  Code  Gb  SEGGER_THUMB_Startup.o
  __aeabi_d2uiz              0x08000C31          36      4  Code  Wk  floatasmops_arm.o (libc_v7em_fpv4_sp_d16_hard_t_le_eabi_balanced.a)
  __aeabi_dadd               0x0800082D         574      4  Code  Wk  floatasmops_arm.o (libc_v7em_fpv4_sp_d16_hard_t_le_eabi_balanced.a)
  __aeabi_ddiv               0x08000A6D         450      4  Code  Wk  floatasmops_arm.o (libc_v7em_fpv4_sp_d16_hard_t_le_eabi_balanced.a)
  __aeabi_ui2d               0x08000C55          28      4  Code  Wk  floatasmops_arm.o (libc_v7em_fpv4_sp_d16_hard_t_le_eabi_balanced.a)
  __startup_complete         0x080007FB                  4  Code  Gb  SEGGER_THUMB_Startup.o
  _start                     0x080007F1          14      4  Code  Gb  SEGGER_THUMB_Startup.o
  configureClock             0x08000FA9          98      4  Code  Gb  STM32L432KC_RCC.o
  configureFlash             0x08000E21          26      4  Code  Gb  STM32L432KC_FLASH.o
  configurePLL               0x08000ED1         214      4  Code  Gb  STM32L432KC_RCC.o
  configureTIM15             0x08000779         120      4  Code  Gb  STM32L432KC_TIM.o
  configureTIM16             0x08001065         114      4  Code  Gb  STM32L432KC_TIM.o
  defineDutyFreq             0x08000191         160      8  Code  Gb  STM32L432KC_TIM.o
  delay                      0x0800100D          86      4  Code  Gb  STM32L432KC_TIM.o
  enablePWM                  0x08000751          40      4  Code  Gb  STM32L432KC_GPIO.o
  exit                       0x080007FF           2      4  Code  Gb  SEGGER_THUMB_Startup.o
  main                       0x08000DE5          58      4  Code  Gb  main.o
  melody                     0x080002BD          92      4  Code  Gb  main.o
  pinMode                    0x08000E3D         146      4  Code  Gb  STM32L432KC_GPIO.o
  reset_handler              0x0800114D                  2  Code  Gb  STM32L4xx_Startup.o

Function symbols by address:

     Address  Symbol name                      Size  Align  Type  Bd  Object File
  ----------  -------------------------  ----------  -----  ----  --  -----------
  0x0800018D  NMI_Handler                                2  Code  Wk  stm32l432xx_Vectors.o
  0x0800018F  MemManage_Handler                          2  Code  Wk  stm32l432xx_Vectors.o
  0x08000191  defineDutyFreq                    160      8  Code  Gb  STM32L432KC_TIM.o
  0x08000231  SystemInit                         92      4  Code  Gb  system_stm32l4xx.o
  0x080002BD  melody                             92      4  Code  Gb  main.o
  0x08000751  enablePWM                          40      4  Code  Gb  STM32L432KC_GPIO.o
  0x08000779  configureTIM15                    120      4  Code  Gb  STM32L432KC_TIM.o
  0x080007F1  _start                             14      4  Code  Gb  SEGGER_THUMB_Startup.o
  0x080007FB  __startup_complete                         4  Code  Gb  SEGGER_THUMB_Startup.o
  0x080007FB  __SEGGER_init_done                         4  Code  Gb  SEGGER_THUMB_Startup.o
  0x080007FF  exit                                2      4  Code  Gb  SEGGER_THUMB_Startup.o
  0x08000805  HardFault_Handler                          4  Code  Wk  STM32L4xx_Startup.o
  0x0800082D  __aeabi_dadd                      574      4  Code  Wk  floatasmops_arm.o (libc_v7em_fpv4_sp_d16_hard_t_le_eabi_balanced.a)
  0x08000A6D  __aeabi_ddiv                      450      4  Code  Wk  floatasmops_arm.o (libc_v7em_fpv4_sp_d16_hard_t_le_eabi_balanced.a)
  0x08000C31  __aeabi_d2uiz                      36      4  Code  Wk  floatasmops_arm.o (libc_v7em_fpv4_sp_d16_hard_t_le_eabi_balanced.a)
  0x08000C55  __aeabi_ui2d                       28      4  Code  Wk  floatasmops_arm.o (libc_v7em_fpv4_sp_d16_hard_t_le_eabi_balanced.a)
  0x08000C71  SystemCoreClockUpdate             370      4  Code  Gb  system_stm32l4xx.o
  0x08000DE3  BusFault_Handler                           2  Code  Wk  stm32l432xx_Vectors.o
  0x08000DE5  main                               58      4  Code  Gb  main.o
  0x08000E1F  UsageFault_Handler                         2  Code  Wk  stm32l432xx_Vectors.o
  0x08000E21  configureFlash                     26      4  Code  Gb  STM32L432KC_FLASH.o
  0x08000E3B  SVC_Handler                                2  Code  Wk  stm32l432xx_Vectors.o
  0x08000E3D  pinMode                           146      4  Code  Gb  STM32L432KC_GPIO.o
  0x08000ECF  DebugMon_Handler                           2  Code  Wk  stm32l432xx_Vectors.o
  0x08000ED1  configurePLL                      214      4  Code  Gb  STM32L432KC_RCC.o
  0x08000FA7  PendSV_Handler                             2  Code  Wk  stm32l432xx_Vectors.o
  0x08000FA9  configureClock                     98      4  Code  Gb  STM32L432KC_RCC.o
  0x0800100B  SysTick_Handler                            2  Code  Wk  stm32l432xx_Vectors.o
  0x0800100D  delay                              86      4  Code  Gb  STM32L432KC_TIM.o
  0x08001063  WWDG_IRQHandler                            2  Code  Wk  stm32l432xx_Vectors.o
  0x08001065  configureTIM16                    114      4  Code  Gb  STM32L432KC_TIM.o
  0x080010D7  PVD_PVM_IRQHandler                         2  Code  Wk  stm32l432xx_Vectors.o
  0x080010D9  TAMP_STAMP_IRQHandler                      2  Code  Wk  stm32l432xx_Vectors.o
  0x080010DB  RTC_WKUP_IRQHandler                        2  Code  Wk  stm32l432xx_Vectors.o
  0x080010DD  FLASH_IRQHandler                           2  Code  Wk  stm32l432xx_Vectors.o
  0x080010DF  RCC_IRQHandler                             2  Code  Wk  stm32l432xx_Vectors.o
  0x080010E1  EXTI0_IRQHandler                           2  Code  Wk  stm32l432xx_Vectors.o
  0x080010E3  EXTI1_IRQHandler                           2  Code  Wk  stm32l432xx_Vectors.o
  0x080010E5  EXTI2_IRQHandler                           2  Code  Wk  stm32l432xx_Vectors.o
  0x080010E7  EXTI3_IRQHandler                           2  Code  Wk  stm32l432xx_Vectors.o
  0x080010E9  EXTI4_IRQHandler                           2  Code  Wk  stm32l432xx_Vectors.o
  0x080010EB  DMA1_Channel1_IRQHandler                   2  Code  Wk  stm32l432xx_Vectors.o
  0x080010ED  DMA1_Channel2_IRQHandler                   2  Code  Wk  stm32l432xx_Vectors.o
  0x080010EF  DMA1_Channel3_IRQHandler                   2  Code  Wk  stm32l432xx_Vectors.o
  0x080010F1  DMA1_Channel4_IRQHandler                   2  Code  Wk  stm32l432xx_Vectors.o
  0x080010F3  DMA1_Channel5_IRQHandler                   2  Code  Wk  stm32l432xx_Vectors.o
  0x080010F5  DMA1_Channel6_IRQHandler                   2  Code  Wk  stm32l432xx_Vectors.o
  0x080010F7  DMA1_Channel7_IRQHandler                   2  Code  Wk  stm32l432xx_Vectors.o
  0x080010F9  ADC1_IRQHandler                            2  Code  Wk  stm32l432xx_Vectors.o
  0x080010FB  CAN1_TX_IRQHandler                         2  Code  Wk  stm32l432xx_Vectors.o
  0x080010FD  CAN1_RX0_IRQHandler                        2  Code  Wk  stm32l432xx_Vectors.o
  0x080010FF  CAN1_RX1_IRQHandler                        2  Code  Wk  stm32l432xx_Vectors.o
  0x08001101  CAN1_SCE_IRQHandler                        2  Code  Wk  stm32l432xx_Vectors.o
  0x08001103  EXTI9_5_IRQHandler                         2  Code  Wk  stm32l432xx_Vectors.o
  0x08001105  TIM1_BRK_TIM15_IRQHandler                  2  Code  Wk  stm32l432xx_Vectors.o
  0x08001107  TIM1_UP_TIM16_IRQHandler                   2  Code  Wk  stm32l432xx_Vectors.o
  0x08001109  TIM1_TRG_COM_IRQHandler                    2  Code  Wk  stm32l432xx_Vectors.o
  0x0800110B  TIM1_CC_IRQHandler                         2  Code  Wk  stm32l432xx_Vectors.o
  0x0800110D  TIM2_IRQHandler                            2  Code  Wk  stm32l432xx_Vectors.o
  0x0800110F  I2C1_EV_IRQHandler                         2  Code  Wk  stm32l432xx_Vectors.o
  0x08001111  I2C1_ER_IRQHandler                         2  Code  Wk  stm32l432xx_Vectors.o
  0x08001113  SPI1_IRQHandler                            2  Code  Wk  stm32l432xx_Vectors.o
  0x08001115  USART1_IRQHandler                          2  Code  Wk  stm32l432xx_Vectors.o
  0x08001117  USART2_IRQHandler                          2  Code  Wk  stm32l432xx_Vectors.o
  0x08001119  EXTI15_10_IRQHandler                       2  Code  Wk  stm32l432xx_Vectors.o
  0x0800111B  RTC_Alarm_IRQHandler                       2  Code  Wk  stm32l432xx_Vectors.o
  0x0800111D  SPI3_IRQHandler                            2  Code  Wk  stm32l432xx_Vectors.o
  0x0800111F  TIM6_DAC_IRQHandler                        2  Code  Wk  stm32l432xx_Vectors.o
  0x08001121  TIM7_IRQHandler                            2  Code  Wk  stm32l432xx_Vectors.o
  0x08001123  DMA2_Channel1_IRQHandler                   2  Code  Wk  stm32l432xx_Vectors.o
  0x08001125  DMA2_Channel2_IRQHandler                   2  Code  Wk  stm32l432xx_Vectors.o
  0x08001127  DMA2_Channel3_IRQHandler                   2  Code  Wk  stm32l432xx_Vectors.o
  0x08001129  DMA2_Channel4_IRQHandler                   2  Code  Wk  stm32l432xx_Vectors.o
  0x0800112B  DMA2_Channel5_IRQHandler                   2  Code  Wk  stm32l432xx_Vectors.o
  0x0800112D  COMP_IRQHandler                            2  Code  Wk  stm32l432xx_Vectors.o
  0x0800112F  LPTIM1_IRQHandler                          2  Code  Wk  stm32l432xx_Vectors.o
  0x08001131  LPTIM2_IRQHandler                          2  Code  Wk  stm32l432xx_Vectors.o
  0x08001133  USB_IRQHandler                             2  Code  Wk  stm32l432xx_Vectors.o
  0x08001135  DMA2_Channel6_IRQHandler                   2  Code  Wk  stm32l432xx_Vectors.o
  0x08001137  DMA2_Channel7_IRQHandler                   2  Code  Wk  stm32l432xx_Vectors.o
  0x08001139  LPUART1_IRQHandler                         2  Code  Wk  stm32l432xx_Vectors.o
  0x0800113B  QUADSPI_IRQHandler                         2  Code  Wk  stm32l432xx_Vectors.o
  0x0800113D  I2C3_EV_IRQHandler                         2  Code  Wk  stm32l432xx_Vectors.o
  0x0800113F  I2C3_ER_IRQHandler                         2  Code  Wk  stm32l432xx_Vectors.o
  0x08001141  SAI1_IRQHandler                            2  Code  Wk  stm32l432xx_Vectors.o
  0x08001143  SWPMI1_IRQHandler                          2  Code  Wk  stm32l432xx_Vectors.o
  0x08001145  TSC_IRQHandler                             2  Code  Wk  stm32l432xx_Vectors.o
  0x08001147  RNG_IRQHandler                             2  Code  Wk  stm32l432xx_Vectors.o
  0x08001149  FPU_IRQHandler                             2  Code  Wk  stm32l432xx_Vectors.o
  0x0800114B  CRS_IRQHandler                             2  Code  Wk  stm32l432xx_Vectors.o
  0x0800114D  reset_handler                              2  Code  Gb  STM32L4xx_Startup.o
  0x0800114D  Reset_Handler                              2  Code  Gb  STM32L4xx_Startup.o
  0x08001179  __SEGGER_init_ctors                26      4  Code  Wk  SEGGER_crtinit.o (SEGGER_crtinit_v7em_fpv4_sp_d16_hard_t_le_eabi_balanced.a)
  0x080011B9  __SEGGER_init_copy                 20      2  Code  Wk  SEGGER_crtinit.o (SEGGER_crtinit_v7em_fpv4_sp_d16_hard_t_le_eabi_balanced.a)

Function symbols by descending size:

  Symbol name                      Size  Align  Type  Bd  Object File
  -------------------------  ----------  -----  ----  --  -----------
  __aeabi_dadd                      574      4  Code  Wk  floatasmops_arm.o (libc_v7em_fpv4_sp_d16_hard_t_le_eabi_balanced.a)
  __aeabi_ddiv                      450      4  Code  Wk  floatasmops_arm.o (libc_v7em_fpv4_sp_d16_hard_t_le_eabi_balanced.a)
  SystemCoreClockUpdate             370      4  Code  Gb  system_stm32l4xx.o
  configurePLL                      214      4  Code  Gb  STM32L432KC_RCC.o
  defineDutyFreq                    160      8  Code  Gb  STM32L432KC_TIM.o
  pinMode                           146      4  Code  Gb  STM32L432KC_GPIO.o
  configureTIM15                    120      4  Code  Gb  STM32L432KC_TIM.o
  configureTIM16                    114      4  Code  Gb  STM32L432KC_TIM.o
  configureClock                     98      4  Code  Gb  STM32L432KC_RCC.o
  SystemInit                         92      4  Code  Gb  system_stm32l4xx.o
  melody                             92      4  Code  Gb  main.o
  delay                              86      4  Code  Gb  STM32L432KC_TIM.o
  main                               58      4  Code  Gb  main.o
  enablePWM                          40      4  Code  Gb  STM32L432KC_GPIO.o
  __aeabi_d2uiz                      36      4  Code  Wk  floatasmops_arm.o (libc_v7em_fpv4_sp_d16_hard_t_le_eabi_balanced.a)
  __aeabi_ui2d                       28      4  Code  Wk  floatasmops_arm.o (libc_v7em_fpv4_sp_d16_hard_t_le_eabi_balanced.a)
  __SEGGER_init_ctors                26      4  Code  Wk  SEGGER_crtinit.o (SEGGER_crtinit_v7em_fpv4_sp_d16_hard_t_le_eabi_balanced.a)
  configureFlash                     26      4  Code  Gb  STM32L432KC_FLASH.o
  __SEGGER_init_copy                 20      2  Code  Wk  SEGGER_crtinit.o (SEGGER_crtinit_v7em_fpv4_sp_d16_hard_t_le_eabi_balanced.a)
  _start                             14      4  Code  Gb  SEGGER_THUMB_Startup.o
  exit                                2      4  Code  Gb  SEGGER_THUMB_Startup.o
  ADC1_IRQHandler                            2  Code  Wk  stm32l432xx_Vectors.o
  BusFault_Handler                           2  Code  Wk  stm32l432xx_Vectors.o
  CAN1_RX0_IRQHandler                        2  Code  Wk  stm32l432xx_Vectors.o
  CAN1_RX1_IRQHandler                        2  Code  Wk  stm32l432xx_Vectors.o
  CAN1_SCE_IRQHandler                        2  Code  Wk  stm32l432xx_Vectors.o
  CAN1_TX_IRQHandler                         2  Code  Wk  stm32l432xx_Vectors.o
  COMP_IRQHandler                            2  Code  Wk  stm32l432xx_Vectors.o
  CRS_IRQHandler                             2  Code  Wk  stm32l432xx_Vectors.o
  DMA1_Channel1_IRQHandler                   2  Code  Wk  stm32l432xx_Vectors.o
  DMA1_Channel2_IRQHandler                   2  Code  Wk  stm32l432xx_Vectors.o
  DMA1_Channel3_IRQHandler                   2  Code  Wk  stm32l432xx_Vectors.o
  DMA1_Channel4_IRQHandler                   2  Code  Wk  stm32l432xx_Vectors.o
  DMA1_Channel5_IRQHandler                   2  Code  Wk  stm32l432xx_Vectors.o
  DMA1_Channel6_IRQHandler                   2  Code  Wk  stm32l432xx_Vectors.o
  DMA1_Channel7_IRQHandler                   2  Code  Wk  stm32l432xx_Vectors.o
  DMA2_Channel1_IRQHandler                   2  Code  Wk  stm32l432xx_Vectors.o
  DMA2_Channel2_IRQHandler                   2  Code  Wk  stm32l432xx_Vectors.o
  DMA2_Channel3_IRQHandler                   2  Code  Wk  stm32l432xx_Vectors.o
  DMA2_Channel4_IRQHandler                   2  Code  Wk  stm32l432xx_Vectors.o
  DMA2_Channel5_IRQHandler                   2  Code  Wk  stm32l432xx_Vectors.o
  DMA2_Channel6_IRQHandler                   2  Code  Wk  stm32l432xx_Vectors.o
  DMA2_Channel7_IRQHandler                   2  Code  Wk  stm32l432xx_Vectors.o
  DebugMon_Handler                           2  Code  Wk  stm32l432xx_Vectors.o
  EXTI0_IRQHandler                           2  Code  Wk  stm32l432xx_Vectors.o
  EXTI15_10_IRQHandler                       2  Code  Wk  stm32l432xx_Vectors.o
  EXTI1_IRQHandler                           2  Code  Wk  stm32l432xx_Vectors.o
  EXTI2_IRQHandler                           2  Code  Wk  stm32l432xx_Vectors.o
  EXTI3_IRQHandler                           2  Code  Wk  stm32l432xx_Vectors.o
  EXTI4_IRQHandler                           2  Code  Wk  stm32l432xx_Vectors.o
  EXTI9_5_IRQHandler                         2  Code  Wk  stm32l432xx_Vectors.o
  FLASH_IRQHandler                           2  Code  Wk  stm32l432xx_Vectors.o
  FPU_IRQHandler                             2  Code  Wk  stm32l432xx_Vectors.o
  HardFault_Handler                          4  Code  Wk  STM32L4xx_Startup.o
  I2C1_ER_IRQHandler                         2  Code  Wk  stm32l432xx_Vectors.o
  I2C1_EV_IRQHandler                         2  Code  Wk  stm32l432xx_Vectors.o
  I2C3_ER_IRQHandler                         2  Code  Wk  stm32l432xx_Vectors.o
  I2C3_EV_IRQHandler                         2  Code  Wk  stm32l432xx_Vectors.o
  LPTIM1_IRQHandler                          2  Code  Wk  stm32l432xx_Vectors.o
  LPTIM2_IRQHandler                          2  Code  Wk  stm32l432xx_Vectors.o
  LPUART1_IRQHandler                         2  Code  Wk  stm32l432xx_Vectors.o
  MemManage_Handler                          2  Code  Wk  stm32l432xx_Vectors.o
  NMI_Handler                                2  Code  Wk  stm32l432xx_Vectors.o
  PVD_PVM_IRQHandler                         2  Code  Wk  stm32l432xx_Vectors.o
  PendSV_Handler                             2  Code  Wk  stm32l432xx_Vectors.o
  QUADSPI_IRQHandler                         2  Code  Wk  stm32l432xx_Vectors.o
  RCC_IRQHandler                             2  Code  Wk  stm32l432xx_Vectors.o
  RNG_IRQHandler                             2  Code  Wk  stm32l432xx_Vectors.o
  RTC_Alarm_IRQHandler                       2  Code  Wk  stm32l432xx_Vectors.o
  RTC_WKUP_IRQHandler                        2  Code  Wk  stm32l432xx_Vectors.o
  Reset_Handler                              2  Code  Gb  STM32L4xx_Startup.o
  SAI1_IRQHandler                            2  Code  Wk  stm32l432xx_Vectors.o
  SPI1_IRQHandler                            2  Code  Wk  stm32l432xx_Vectors.o
  SPI3_IRQHandler                            2  Code  Wk  stm32l432xx_Vectors.o
  SVC_Handler                                2  Code  Wk  stm32l432xx_Vectors.o
  SWPMI1_IRQHandler                          2  Code  Wk  stm32l432xx_Vectors.o
  SysTick_Handler                            2  Code  Wk  stm32l432xx_Vectors.o
  TAMP_STAMP_IRQHandler                      2  Code  Wk  stm32l432xx_Vectors.o
  TIM1_BRK_TIM15_IRQHandler                  2  Code  Wk  stm32l432xx_Vectors.o
  TIM1_CC_IRQHandler                         2  Code  Wk  stm32l432xx_Vectors.o
  TIM1_TRG_COM_IRQHandler                    2  Code  Wk  stm32l432xx_Vectors.o
  TIM1_UP_TIM16_IRQHandler                   2  Code  Wk  stm32l432xx_Vectors.o
  TIM2_IRQHandler                            2  Code  Wk  stm32l432xx_Vectors.o
  TIM6_DAC_IRQHandler                        2  Code  Wk  stm32l432xx_Vectors.o
  TIM7_IRQHandler                            2  Code  Wk  stm32l432xx_Vectors.o
  TSC_IRQHandler                             2  Code  Wk  stm32l432xx_Vectors.o
  USART1_IRQHandler                          2  Code  Wk  stm32l432xx_Vectors.o
  USART2_IRQHandler                          2  Code  Wk  stm32l432xx_Vectors.o
  USB_IRQHandler                             2  Code  Wk  stm32l432xx_Vectors.o
  UsageFault_Handler                         2  Code  Wk  stm32l432xx_Vectors.o
  WWDG_IRQHandler                            2  Code  Wk  stm32l432xx_Vectors.o
  __SEGGER_init_done                         4  Code  Gb  SEGGER_THUMB_Startup.o
  __startup_complete                         4  Code  Gb  SEGGER_THUMB_Startup.o
  reset_handler                              2  Code  Gb  STM32L4xx_Startup.o

Read-write data symbols by name:

  Symbol name                   Address        Size  Align  Type  Bd  Object File
  -------------------------  ----------  ----------  -----  ----  --  -----------
  SystemCoreClock            0x10000000           4      4  Init  Gb  system_stm32l4xx.o

Read-write data symbols by address:

     Address  Symbol name                      Size  Align  Type  Bd  Object File
  ----------  -------------------------  ----------  -----  ----  --  -----------
  0x10000000  SystemCoreClock                     4      4  Init  Gb  system_stm32l4xx.o

Read-write data symbols by descending size:

  Symbol name                      Size  Align  Type  Bd  Object File
  -------------------------  ----------  -----  ----  --  -----------
  SystemCoreClock                     4      4  Init  Gb  system_stm32l4xx.o

Read-only data symbols by name:

  Symbol name                   Address        Size  Align  Type  Bd  Object File
  -------------------------  ----------  ----------  -----  ----  --  -----------
  AHBPrescTable              0x08001168          16         Cnst  Gb  system_stm32l4xx.o
  MSIRangeTable              0x0800028C          48      4  Cnst  Gb  system_stm32l4xx.o
  __SEGGER_init_data__       0x080011B4         [4]      4  Cnst  Lc  [ Linker created ]
  __SEGGER_init_table__      0x0800119C        [24]      4  Cnst  Lc  [ Linker created ]
  birthday                   0x08000680         208      4  Cnst  Gb  main.o
  notes                      0x08000318         872      4  Cnst  Gb  main.o

Read-only data symbols by address:

     Address  Symbol name                      Size  Align  Type  Bd  Object File
  ----------  -------------------------  ----------  -----  ----  --  -----------
  0x0800028C  MSIRangeTable                      48      4  Cnst  Gb  system_stm32l4xx.o
  0x08000318  notes                             872      4  Cnst  Gb  main.o
  0x08000680  birthday                          208      4  Cnst  Gb  main.o
  0x08001168  AHBPrescTable                      16         Cnst  Gb  system_stm32l4xx.o
  0x0800119C  __SEGGER_init_table__            [24]      4  Cnst  Lc  [ Linker created ]
  0x080011B4  __SEGGER_init_data__              [4]      4  Cnst  Lc  [ Linker created ]

Untyped symbols by name:

  Symbol name                     Value        Size  Align  Type  Bd  Object File
  -------------------------  ----------  ----------  -----  ----  --  -----------
  __FLASH1_segment_end__     0x08040000                     ----  Gb  [ Linker created ]
  __FLASH1_segment_size__    0x00040000                     ----  Gb  [ Linker created ]
  __FLASH1_segment_start__   0x08000000                     ----  Gb  [ Linker created ]
  __FLASH1_segment_used_end__
                             0x080011CC                     ----  Gb  [ Linker created ]
  __FLASH1_segment_used_size__
                             0x000011CC                     ----  Gb  [ Linker created ]
  __FLASH1_segment_used_start__
                             0x08000000                     ----  Gb  [ Linker created ]
  __FLASH_segment_end__      0x08040000                     ----  Gb  [ Linker created ]
  __FLASH_segment_size__     0x00040000                     ----  Gb  [ Linker created ]
  __FLASH_segment_start__    0x08000000                     ----  Gb  [ Linker created ]
  __FLASH_segment_used_end__
                             0x080011CC                     ----  Gb  [ Linker created ]
  __FLASH_segment_used_size__
                             0x000011CC                     ----  Gb  [ Linker created ]
  __FLASH_segment_used_start__
                             0x08000000                     ----  Gb  [ Linker created ]
  __HEAPSIZE__               0x00000400                     ----  Gb  [ Linker created ]
  __RAM1_segment_end__       0x10004000                     ----  Gb  [ Linker created ]
  __RAM1_segment_size__      0x00004000                     ----  Gb  [ Linker created ]
  __RAM1_segment_start__     0x10000000                     ----  Gb  [ Linker created ]
  __RAM1_segment_used_end__  0x10000004                     ----  Gb  [ Linker created ]
  __RAM1_segment_used_size__
                             0x00000004                     ----  Gb  [ Linker created ]
  __RAM1_segment_used_start__
                             0x10000000                     ----  Gb  [ Linker created ]
  __RAM2_segment_end__       0x2000C000                     ----  Gb  [ Linker created ]
  __RAM2_segment_size__      0x0000C000                     ----  Gb  [ Linker created ]
  __RAM2_segment_start__     0x20000000                     ----  Gb  [ Linker created ]
  __RAM2_segment_used_end__  0x2000C000                     ----  Gb  [ Linker created ]
  __RAM2_segment_used_size__
                             0x00000800                     ----  Gb  [ Linker created ]
  __RAM2_segment_used_start__
                             0x2000B800                     ----  Gb  [ Linker created ]
  __RAM_segment_end__        0x2000C000                     ----  Gb  [ Linker created ]
  __RAM_segment_size__       0x1000C000                     ----  Gb  [ Linker created ]
  __RAM_segment_start__      0x10000000                     ----  Gb  [ Linker created ]
  __RAM_segment_used_end__   0x2000C000                     ----  Gb  [ Linker created ]
  __RAM_segment_used_size__  0x1000C000                     ----  Gb  [ Linker created ]
  __RAM_segment_used_start__
                             0x10000000                     ----  Gb  [ Linker created ]
  __STACKSIZE_PROCESS__      0x00000000                     ----  Gb  [ Linker created ]
  __STACKSIZE__              0x00000800                     ----  Gb  [ Linker created ]
  __ctors_end__              0x08001168                     ----  Gb  [ Linker created ]
  __ctors_start__            0x08001164                     ----  Gb  [ Linker created ]
  __stack_end__              0x2000C000                     ----  Gb  [ Linker created ]
  __thread_pointer$          0x00000000                     ----  Gb  [ Linker created ]
  _vectors                   0x08000000       [396]    512  Code  Gb  stm32l432xx_Vectors.o
  _vectors_end               0x0800018C                512  Code  Lc  stm32l432xx_Vectors.o

Untyped symbols by address:

       Value  Symbol name                      Size  Align  Type  Bd  Object File
  ----------  -------------------------  ----------  -----  ----  --  -----------
  0x00000000  __thread_pointer$                             ----  Gb  [ Linker created ]
  0x00000000  __STACKSIZE_PROCESS__                         ----  Gb  [ Linker created ]
  0x00000004  __RAM1_segment_used_size__
                                                            ----  Gb  [ Linker created ]
  0x00000400  __HEAPSIZE__                                  ----  Gb  [ Linker created ]
  0x00000800  __STACKSIZE__                                 ----  Gb  [ Linker created ]
  0x00000800  __RAM2_segment_used_size__
                                                            ----  Gb  [ Linker created ]
  0x000011CC  __FLASH_segment_used_size__
                                                            ----  Gb  [ Linker created ]
  0x000011CC  __FLASH1_segment_used_size__
                                                            ----  Gb  [ Linker created ]
  0x00004000  __RAM1_segment_size__                         ----  Gb  [ Linker created ]
  0x0000C000  __RAM2_segment_size__                         ----  Gb  [ Linker created ]
  0x00040000  __FLASH_segment_size__                        ----  Gb  [ Linker created ]
  0x00040000  __FLASH1_segment_size__                       ----  Gb  [ Linker created ]
  0x08000000  _vectors                        [396]    512  Code  Gb  stm32l432xx_Vectors.o
  0x08000000  __FLASH_segment_used_start__
                                                            ----  Gb  [ Linker created ]
  0x08000000  __FLASH_segment_start__                       ----  Gb  [ Linker created ]
  0x08000000  __FLASH1_segment_used_start__
                                                            ----  Gb  [ Linker created ]
  0x08000000  __FLASH1_segment_start__                      ----  Gb  [ Linker created ]
  0x0800018C  _vectors_end                             512  Code  Lc  stm32l432xx_Vectors.o
  0x08001164  __ctors_start__                               ----  Gb  [ Linker created ]
  0x08001168  __ctors_end__                                 ----  Gb  [ Linker created ]
  0x080011CC  __FLASH_segment_used_end__
                                                            ----  Gb  [ Linker created ]
  0x080011CC  __FLASH1_segment_used_end__
                                                            ----  Gb  [ Linker created ]
  0x08040000  __FLASH_segment_end__                         ----  Gb  [ Linker created ]
  0x08040000  __FLASH1_segment_end__                        ----  Gb  [ Linker created ]
  0x10000000  __RAM_segment_used_start__
                                                            ----  Gb  [ Linker created ]
  0x10000000  __RAM_segment_start__                         ----  Gb  [ Linker created ]
  0x10000000  __RAM1_segment_used_start__
                                                            ----  Gb  [ Linker created ]
  0x10000000  __RAM1_segment_start__                        ----  Gb  [ Linker created ]
  0x10000004  __RAM1_segment_used_end__                     ----  Gb  [ Linker created ]
  0x10004000  __RAM1_segment_end__                          ----  Gb  [ Linker created ]
  0x1000C000  __RAM_segment_used_size__                     ----  Gb  [ Linker created ]
  0x1000C000  __RAM_segment_size__                          ----  Gb  [ Linker created ]
  0x20000000  __RAM2_segment_start__                        ----  Gb  [ Linker created ]
  0x2000B800  __RAM2_segment_used_start__
                                                            ----  Gb  [ Linker created ]
  0x2000C000  __stack_end__                                 ----  Gb  [ Linker created ]
  0x2000C000  __RAM_segment_used_end__                      ----  Gb  [ Linker created ]
  0x2000C000  __RAM_segment_end__                           ----  Gb  [ Linker created ]
  0x2000C000  __RAM2_segment_used_end__                     ----  Gb  [ Linker created ]
  0x2000C000  __RAM2_segment_end__                          ----  Gb  [ Linker created ]


***********************************************************************************************
***                                                                                         ***
***                                      LINK SUMMARY                                       ***
***                                                                                         ***
***********************************************************************************************

Memory breakdown:

    3 380 bytes read-only  code    + 
    1 172 bytes read-only  data    =   4 552 bytes read-only (total)
    2 052 bytes read-write data

Region summary:

  Name        Range                     Size                 Used               Unused       Alignment Loss
  ----------  -----------------  -----------  -------------------  -------------------  -------------------
  FLASH       08000000-0803ffff      262 144        4 556   1.74%      257 588  98.26%            0   0.00%
  RAM1        10000000-10003fff       16 384            4   0.02%       16 380  99.98%            0   0.00%
  RAM2        20000000-2000bfff       49 152        2 048   4.17%       47 104  95.83%            0   0.00%

Link complete: 0 errors, 0 warnings, 0 remarks
