***********************************************************************************************
***                                                                                         ***
***                                    LINK INFORMATION                                     ***
***                                                                                         ***
***********************************************************************************************

Linker version:

  SEGGER ARM Linker 4.44.2 compiled Apr 14 2025 15:08:43
  Copyright (c) 2017-2024 SEGGER Microcontroller GmbH    www.segger.com


***********************************************************************************************
***                                                                                         ***
***                                     MODULE SUMMARY                                      ***
***                                                                                         ***
***********************************************************************************************

Memory use by input file:

  Object File                                       RX Code     RO Data     RW Data     ZI Data
  ---------------------------------------------  ----------  ----------  ----------  ----------
  main.o                                                130         208                        
  SEGGER_THUMB_Startup.o                                 20                                    
  STM32L432KC_FLASH.o                                    26                                    
  STM32L432KC_GPIO.o                                    186                                    
  STM32L432KC_RCC.o                                     312                                    
  STM32L432KC_TIM.o                                     480                                    
  stm32l432xx_Vectors.o                                 532                                    
  STM32L4xx_Startup.o                                    64                                    
  system_stm32l4xx.o                                    462          64           4            
  ---------------------------------------------  ----------  ----------  ----------  ----------
  Subtotal (9 objects)                                2 212         272           4            
  ---------------------------------------------  ----------  ----------  ----------  ----------
  libc_v7em_fpv4_sp_d16_hard_t_le_eabi_balanced.a
                                                      1 092                                    
  SEGGER_crtinit_v7em_fpv4_sp_d16_hard_t_le_eabi_balanced.a
                                                         56                                    
  ---------------------------------------------  ----------  ----------  ----------  ----------
  Subtotal (2 archives)                               1 148                                    
  ---------------------------------------------  ----------  ----------  ----------  ----------
  Linker created (shared data, fills, blocks):                       28                   2 048
  =============================================  ==========  ==========  ==========  ==========
  Total:                                              3 360         300           4       2 048
  =============================================  ==========  ==========  ==========  ==========

Memory use by archive member:

  Archive member                                    RX Code     RO Data     RW Data     ZI Data
  ---------------------------------------------  ----------  ----------  ----------  ----------
  floatasmops_arm.o (libc_v7em_fpv4_sp_d16_hard_t_le_eabi_balanced.a)
                                                      1 092                                    
  SEGGER_crtinit.o (SEGGER_crtinit_v7em_fpv4_sp_d16_hard_t_le_eabi_balanced.a)
                                                         56                                    
  ---------------------------------------------  ----------  ----------  ----------  ----------
  Subtotal (2 members from 2 archives)                1 148                                    
  Objects (9 files)                                   2 212         272           4            
  Linker created (shared data, fills, blocks):                       28                   2 048
  =============================================  ==========  ==========  ==========  ==========
  Total:                                              3 360         300           4       2 048
  =============================================  ==========  ==========  ==========  ==========

Memory use by linker:

  Description                                       RX Code     RO Data     RW Data     ZI Data
  ---------------------------------------------  ----------  ----------  ----------  ----------
  Initialization table                                               28                        
  Memory for block 'stack'                                                                2 048
  ---------------------------------------------  ----------  ----------  ----------  ----------
  Subtotal (linker created):                                         28                   2 048
  ---------------------------------------------  ----------  ----------  ----------  ----------
  Objects (9 files)                                   2 212         272           4            
  Archives (2 files)                                  1 148                                    
  =============================================  ==========  ==========  ==========  ==========
  Total:                                              3 360         300           4       2 048
  =============================================  ==========  ==========  ==========  ==========


***********************************************************************************************
***                                                                                         ***
***                                     SECTION DETAIL                                      ***
***                                                                                         ***
***********************************************************************************************

Sections by address:

  Range              Symbol or [section] Name         Size  Al  Init  Ac  Object File
  -----------------  -------------------------  ----------  --  ----  --  -----------
  08000000-0800018b  _vectors                          396  512
                                                                Code  RX  stm32l432xx_Vectors.o
  0800018c-0800018d  NMI_Handler                         2   2  Code  RX  stm32l432xx_Vectors.o
  0800018e-0800018f  MemManage_Handler                   2   2  Code  RX  stm32l432xx_Vectors.o
  08000190-0800022f  defineDutyFreq                    160   8  Code  RX  STM32L432KC_TIM.o
  08000230-0800028b  SystemInit                         92   4  Code  RX  system_stm32l4xx.o
  0800028c-080002bb  MSIRangeTable                      48   4  Cnst  RO  system_stm32l4xx.o
  080002bc-08000317  melody                             92   4  Code  RX  main.o
  08000318-080003e7  birthday                          208   4  Cnst  RO  main.o
  080003e8-0800040f  enablePWM                          40   4  Code  RX  STM32L432KC_GPIO.o
  08000410-08000487  configureTIM15                    120   4  Code  RX  STM32L432KC_TIM.o
  08000488-0800049b  _start                             20   4  Code  RX  SEGGER_THUMB_Startup.o
  0800049c-080004c3  HardFault_Handler                  40   4  Code  RX  STM32L4xx_Startup.o
  080004c4-08000703  __aeabi_dadd                      576   4  Code  RX  floatasmops_arm.o (libc_v7em_fpv4_sp_d16_hard_t_le_eabi_balanced.a)
  08000704-080008c7  __aeabi_ddiv                      452   4  Code  RX  floatasmops_arm.o (libc_v7em_fpv4_sp_d16_hard_t_le_eabi_balanced.a)
  080008c8-080008eb  __aeabi_d2uiz                      36   4  Code  RX  floatasmops_arm.o (libc_v7em_fpv4_sp_d16_hard_t_le_eabi_balanced.a)
  080008ec-08000907  __aeabi_ui2d                       28   4  Code  RX  floatasmops_arm.o (libc_v7em_fpv4_sp_d16_hard_t_le_eabi_balanced.a)
  08000908-08000a79  SystemCoreClockUpdate             370   4  Code  RX  system_stm32l4xx.o
  08000a7a-08000a7b  BusFault_Handler                    2   2  Code  RX  stm32l432xx_Vectors.o
  08000a7c-08000aa1  main                               38   4  Code  RX  main.o
  08000aa2-08000aa3  UsageFault_Handler                  2   2  Code  RX  stm32l432xx_Vectors.o
  08000aa4-08000abd  configureFlash                     26   4  Code  RX  STM32L432KC_FLASH.o
  08000abe-08000abf  SVC_Handler                         2   2  Code  RX  stm32l432xx_Vectors.o
  08000ac0-08000b51  pinMode                           146   4  Code  RX  STM32L432KC_GPIO.o
  08000b52-08000b53  DebugMon_Handler                    2   2  Code  RX  stm32l432xx_Vectors.o
  08000b54-08000c29  configurePLL                      214   4  Code  RX  STM32L432KC_RCC.o
  08000c2a-08000c2b  PendSV_Handler                      2   2  Code  RX  stm32l432xx_Vectors.o
  08000c2c-08000c8d  configureClock                     98   4  Code  RX  STM32L432KC_RCC.o
  08000c8e-08000c8f  SysTick_Handler                     2   2  Code  RX  stm32l432xx_Vectors.o
  08000c90-08000ce5  delay                              86   4  Code  RX  STM32L432KC_TIM.o
  08000ce6-08000ce7  WWDG_IRQHandler                     2   2  Code  RX  stm32l432xx_Vectors.o
  08000ce8-08000d59  configureTIM16                    114   4  Code  RX  STM32L432KC_TIM.o
  08000d5a-08000d5b  PVD_PVM_IRQHandler                  2   2  Code  RX  stm32l432xx_Vectors.o
  08000d5c-08000d5d  TAMP_STAMP_IRQHandler               2   2  Code  RX  stm32l432xx_Vectors.o
  08000d5e-08000d5f  RTC_WKUP_IRQHandler                 2   2  Code  RX  stm32l432xx_Vectors.o
  08000d60-08000d61  FLASH_IRQHandler                    2   2  Code  RX  stm32l432xx_Vectors.o
  08000d62-08000d63  RCC_IRQHandler                      2   2  Code  RX  stm32l432xx_Vectors.o
  08000d64-08000d65  EXTI0_IRQHandler                    2   2  Code  RX  stm32l432xx_Vectors.o
  08000d66-08000d67  EXTI1_IRQHandler                    2   2  Code  RX  stm32l432xx_Vectors.o
  08000d68-08000d69  EXTI2_IRQHandler                    2   2  Code  RX  stm32l432xx_Vectors.o
  08000d6a-08000d6b  EXTI3_IRQHandler                    2   2  Code  RX  stm32l432xx_Vectors.o
  08000d6c-08000d6d  EXTI4_IRQHandler                    2   2  Code  RX  stm32l432xx_Vectors.o
  08000d6e-08000d6f  DMA1_Channel1_IRQHandler            2   2  Code  RX  stm32l432xx_Vectors.o
  08000d70-08000d71  DMA1_Channel2_IRQHandler            2   2  Code  RX  stm32l432xx_Vectors.o
  08000d72-08000d73  DMA1_Channel3_IRQHandler            2   2  Code  RX  stm32l432xx_Vectors.o
  08000d74-08000d75  DMA1_Channel4_IRQHandler            2   2  Code  RX  stm32l432xx_Vectors.o
  08000d76-08000d77  DMA1_Channel5_IRQHandler            2   2  Code  RX  stm32l432xx_Vectors.o
  08000d78-08000d79  DMA1_Channel6_IRQHandler            2   2  Code  RX  stm32l432xx_Vectors.o
  08000d7a-08000d7b  DMA1_Channel7_IRQHandler            2   2  Code  RX  stm32l432xx_Vectors.o
  08000d7c-08000d7d  ADC1_IRQHandler                     2   2  Code  RX  stm32l432xx_Vectors.o
  08000d7e-08000d7f  CAN1_TX_IRQHandler                  2   2  Code  RX  stm32l432xx_Vectors.o
  08000d80-08000d81  CAN1_RX0_IRQHandler                 2   2  Code  RX  stm32l432xx_Vectors.o
  08000d82-08000d83  CAN1_RX1_IRQHandler                 2   2  Code  RX  stm32l432xx_Vectors.o
  08000d84-08000d85  CAN1_SCE_IRQHandler                 2   2  Code  RX  stm32l432xx_Vectors.o
  08000d86-08000d87  EXTI9_5_IRQHandler                  2   2  Code  RX  stm32l432xx_Vectors.o
  08000d88-08000d89  TIM1_BRK_TIM15_IRQHandler           2   2  Code  RX  stm32l432xx_Vectors.o
  08000d8a-08000d8b  TIM1_UP_TIM16_IRQHandler            2   2  Code  RX  stm32l432xx_Vectors.o
  08000d8c-08000d8d  TIM1_TRG_COM_IRQHandler             2   2  Code  RX  stm32l432xx_Vectors.o
  08000d8e-08000d8f  TIM1_CC_IRQHandler                  2   2  Code  RX  stm32l432xx_Vectors.o
  08000d90-08000d91  TIM2_IRQHandler                     2   2  Code  RX  stm32l432xx_Vectors.o
  08000d92-08000d93  I2C1_EV_IRQHandler                  2   2  Code  RX  stm32l432xx_Vectors.o
  08000d94-08000d95  I2C1_ER_IRQHandler                  2   2  Code  RX  stm32l432xx_Vectors.o
  08000d96-08000d97  SPI1_IRQHandler                     2   2  Code  RX  stm32l432xx_Vectors.o
  08000d98-08000d99  USART1_IRQHandler                   2   2  Code  RX  stm32l432xx_Vectors.o
  08000d9a-08000d9b  USART2_IRQHandler                   2   2  Code  RX  stm32l432xx_Vectors.o
  08000d9c-08000d9d  EXTI15_10_IRQHandler                2   2  Code  RX  stm32l432xx_Vectors.o
  08000d9e-08000d9f  RTC_Alarm_IRQHandler                2   2  Code  RX  stm32l432xx_Vectors.o
  08000da0-08000da1  SPI3_IRQHandler                     2   2  Code  RX  stm32l432xx_Vectors.o
  08000da2-08000da3  TIM6_DAC_IRQHandler                 2   2  Code  RX  stm32l432xx_Vectors.o
  08000da4-08000da5  TIM7_IRQHandler                     2   2  Code  RX  stm32l432xx_Vectors.o
  08000da6-08000da7  DMA2_Channel1_IRQHandler            2   2  Code  RX  stm32l432xx_Vectors.o
  08000da8-08000da9  DMA2_Channel2_IRQHandler            2   2  Code  RX  stm32l432xx_Vectors.o
  08000daa-08000dab  DMA2_Channel3_IRQHandler            2   2  Code  RX  stm32l432xx_Vectors.o
  08000dac-08000dad  DMA2_Channel4_IRQHandler            2   2  Code  RX  stm32l432xx_Vectors.o
  08000dae-08000daf  DMA2_Channel5_IRQHandler            2   2  Code  RX  stm32l432xx_Vectors.o
  08000db0-08000db1  COMP_IRQHandler                     2   2  Code  RX  stm32l432xx_Vectors.o
  08000db2-08000db3  LPTIM1_IRQHandler                   2   2  Code  RX  stm32l432xx_Vectors.o
  08000db4-08000db5  LPTIM2_IRQHandler                   2   2  Code  RX  stm32l432xx_Vectors.o
  08000db6-08000db7  USB_IRQHandler                      2   2  Code  RX  stm32l432xx_Vectors.o
  08000db8-08000db9  DMA2_Channel6_IRQHandler            2   2  Code  RX  stm32l432xx_Vectors.o
  08000dba-08000dbb  DMA2_Channel7_IRQHandler            2   2  Code  RX  stm32l432xx_Vectors.o
  08000dbc-08000dbd  LPUART1_IRQHandler                  2   2  Code  RX  stm32l432xx_Vectors.o
  08000dbe-08000dbf  QUADSPI_IRQHandler                  2   2  Code  RX  stm32l432xx_Vectors.o
  08000dc0-08000dc1  I2C3_EV_IRQHandler                  2   2  Code  RX  stm32l432xx_Vectors.o
  08000dc2-08000dc3  I2C3_ER_IRQHandler                  2   2  Code  RX  stm32l432xx_Vectors.o
  08000dc4-08000dc5  SAI1_IRQHandler                     2   2  Code  RX  stm32l432xx_Vectors.o
  08000dc6-08000dc7  SWPMI1_IRQHandler                   2   2  Code  RX  stm32l432xx_Vectors.o
  08000dc8-08000dc9  TSC_IRQHandler                      2   2  Code  RX  stm32l432xx_Vectors.o
  08000dca-08000dcb  RNG_IRQHandler                      2   2  Code  RX  stm32l432xx_Vectors.o
  08000dcc-08000dcd  FPU_IRQHandler                      2   2  Code  RX  stm32l432xx_Vectors.o
  08000dce-08000dcf  CRS_IRQHandler                      2   2  Code  RX  stm32l432xx_Vectors.o
  08000dd0-08000de7  reset_handler                      24   2  Code  RX  STM32L4xx_Startup.o
  08000de8-08000deb  [.init_array]                       4   4  ----  --  STM32L4xx_Startup.o
  08000dec-08000dfb  AHBPrescTable                      16   1  Cnst  RO  system_stm32l4xx.o
  08000dfc-08000e1f  __SEGGER_init_ctors                36   4  Code  RX  SEGGER_crtinit.o (SEGGER_crtinit_v7em_fpv4_sp_d16_hard_t_le_eabi_balanced.a)
  08000e20-08000e37  __SEGGER_init_table__              24   4  Cnst  RO  [ Linker created ]
  08000e38-08000e3b  __SEGGER_init_data__                4   4  Cnst  RO  [ Linker created ]
  08000e3c-08000e4f  __SEGGER_init_copy                 20   2  Code  RX  SEGGER_crtinit.o (SEGGER_crtinit_v7em_fpv4_sp_d16_hard_t_le_eabi_balanced.a)
  08000e50-0fffffff  ( UNUSED .=.+134214064 )   134 214 064
                                                             -  ----  -   -
  10000000-10000003  SystemCoreClock                     4   4  Init  RW  system_stm32l4xx.o
  10000004-2000b7ff  ( UNUSED .=.+268482556 )   268 482 556
                                                             -  ----  -   -
  2000b800-2000bfff  [.bss.block.stack]              2 048   8  None  ZI  [ Linker created ]


***********************************************************************************************
***                                                                                         ***
***                                       SYMBOL LIST                                       ***
***                                                                                         ***
***********************************************************************************************

Function symbols by name:

  Symbol name                   Address        Size  Align  Type  Bd  Object File
  -------------------------  ----------  ----------  -----  ----  --  -----------
  ADC1_IRQHandler            0x08000D7D                  2  Code  Wk  stm32l432xx_Vectors.o
  BusFault_Handler           0x08000A7B                  2  Code  Wk  stm32l432xx_Vectors.o
  CAN1_RX0_IRQHandler        0x08000D81                  2  Code  Wk  stm32l432xx_Vectors.o
  CAN1_RX1_IRQHandler        0x08000D83                  2  Code  Wk  stm32l432xx_Vectors.o
  CAN1_SCE_IRQHandler        0x08000D85                  2  Code  Wk  stm32l432xx_Vectors.o
  CAN1_TX_IRQHandler         0x08000D7F                  2  Code  Wk  stm32l432xx_Vectors.o
  COMP_IRQHandler            0x08000DB1                  2  Code  Wk  stm32l432xx_Vectors.o
  CRS_IRQHandler             0x08000DCF                  2  Code  Wk  stm32l432xx_Vectors.o
  DMA1_Channel1_IRQHandler   0x08000D6F                  2  Code  Wk  stm32l432xx_Vectors.o
  DMA1_Channel2_IRQHandler   0x08000D71                  2  Code  Wk  stm32l432xx_Vectors.o
  DMA1_Channel3_IRQHandler   0x08000D73                  2  Code  Wk  stm32l432xx_Vectors.o
  DMA1_Channel4_IRQHandler   0x08000D75                  2  Code  Wk  stm32l432xx_Vectors.o
  DMA1_Channel5_IRQHandler   0x08000D77                  2  Code  Wk  stm32l432xx_Vectors.o
  DMA1_Channel6_IRQHandler   0x08000D79                  2  Code  Wk  stm32l432xx_Vectors.o
  DMA1_Channel7_IRQHandler   0x08000D7B                  2  Code  Wk  stm32l432xx_Vectors.o
  DMA2_Channel1_IRQHandler   0x08000DA7                  2  Code  Wk  stm32l432xx_Vectors.o
  DMA2_Channel2_IRQHandler   0x08000DA9                  2  Code  Wk  stm32l432xx_Vectors.o
  DMA2_Channel3_IRQHandler   0x08000DAB                  2  Code  Wk  stm32l432xx_Vectors.o
  DMA2_Channel4_IRQHandler   0x08000DAD                  2  Code  Wk  stm32l432xx_Vectors.o
  DMA2_Channel5_IRQHandler   0x08000DAF                  2  Code  Wk  stm32l432xx_Vectors.o
  DMA2_Channel6_IRQHandler   0x08000DB9                  2  Code  Wk  stm32l432xx_Vectors.o
  DMA2_Channel7_IRQHandler   0x08000DBB                  2  Code  Wk  stm32l432xx_Vectors.o
  DebugMon_Handler           0x08000B53                  2  Code  Wk  stm32l432xx_Vectors.o
  EXTI0_IRQHandler           0x08000D65                  2  Code  Wk  stm32l432xx_Vectors.o
  EXTI15_10_IRQHandler       0x08000D9D                  2  Code  Wk  stm32l432xx_Vectors.o
  EXTI1_IRQHandler           0x08000D67                  2  Code  Wk  stm32l432xx_Vectors.o
  EXTI2_IRQHandler           0x08000D69                  2  Code  Wk  stm32l432xx_Vectors.o
  EXTI3_IRQHandler           0x08000D6B                  2  Code  Wk  stm32l432xx_Vectors.o
  EXTI4_IRQHandler           0x08000D6D                  2  Code  Wk  stm32l432xx_Vectors.o
  EXTI9_5_IRQHandler         0x08000D87                  2  Code  Wk  stm32l432xx_Vectors.o
  FLASH_IRQHandler           0x08000D61                  2  Code  Wk  stm32l432xx_Vectors.o
  FPU_IRQHandler             0x08000DCD                  2  Code  Wk  stm32l432xx_Vectors.o
  HardFault_Handler          0x0800049D                  4  Code  Wk  STM32L4xx_Startup.o
  I2C1_ER_IRQHandler         0x08000D95                  2  Code  Wk  stm32l432xx_Vectors.o
  I2C1_EV_IRQHandler         0x08000D93                  2  Code  Wk  stm32l432xx_Vectors.o
  I2C3_ER_IRQHandler         0x08000DC3                  2  Code  Wk  stm32l432xx_Vectors.o
  I2C3_EV_IRQHandler         0x08000DC1                  2  Code  Wk  stm32l432xx_Vectors.o
  LPTIM1_IRQHandler          0x08000DB3                  2  Code  Wk  stm32l432xx_Vectors.o
  LPTIM2_IRQHandler          0x08000DB5                  2  Code  Wk  stm32l432xx_Vectors.o
  LPUART1_IRQHandler         0x08000DBD                  2  Code  Wk  stm32l432xx_Vectors.o
  MemManage_Handler          0x0800018F                  2  Code  Wk  stm32l432xx_Vectors.o
  NMI_Handler                0x0800018D                  2  Code  Wk  stm32l432xx_Vectors.o
  PVD_PVM_IRQHandler         0x08000D5B                  2  Code  Wk  stm32l432xx_Vectors.o
  PendSV_Handler             0x08000C2B                  2  Code  Wk  stm32l432xx_Vectors.o
  QUADSPI_IRQHandler         0x08000DBF                  2  Code  Wk  stm32l432xx_Vectors.o
  RCC_IRQHandler             0x08000D63                  2  Code  Wk  stm32l432xx_Vectors.o
  RNG_IRQHandler             0x08000DCB                  2  Code  Wk  stm32l432xx_Vectors.o
  RTC_Alarm_IRQHandler       0x08000D9F                  2  Code  Wk  stm32l432xx_Vectors.o
  RTC_WKUP_IRQHandler        0x08000D5F                  2  Code  Wk  stm32l432xx_Vectors.o
  Reset_Handler              0x08000DD1                  2  Code  Gb  STM32L4xx_Startup.o
  SAI1_IRQHandler            0x08000DC5                  2  Code  Wk  stm32l432xx_Vectors.o
  SPI1_IRQHandler            0x08000D97                  2  Code  Wk  stm32l432xx_Vectors.o
  SPI3_IRQHandler            0x08000DA1                  2  Code  Wk  stm32l432xx_Vectors.o
  SVC_Handler                0x08000ABF                  2  Code  Wk  stm32l432xx_Vectors.o
  SWPMI1_IRQHandler          0x08000DC7                  2  Code  Wk  stm32l432xx_Vectors.o
  SysTick_Handler            0x08000C8F                  2  Code  Wk  stm32l432xx_Vectors.o
  SystemCoreClockUpdate      0x08000909         370      4  Code  Gb  system_stm32l4xx.o
  SystemInit                 0x08000231          92      4  Code  Gb  system_stm32l4xx.o
  TAMP_STAMP_IRQHandler      0x08000D5D                  2  Code  Wk  stm32l432xx_Vectors.o
  TIM1_BRK_TIM15_IRQHandler  0x08000D89                  2  Code  Wk  stm32l432xx_Vectors.o
  TIM1_CC_IRQHandler         0x08000D8F                  2  Code  Wk  stm32l432xx_Vectors.o
  TIM1_TRG_COM_IRQHandler    0x08000D8D                  2  Code  Wk  stm32l432xx_Vectors.o
  TIM1_UP_TIM16_IRQHandler   0x08000D8B                  2  Code  Wk  stm32l432xx_Vectors.o
  TIM2_IRQHandler            0x08000D91                  2  Code  Wk  stm32l432xx_Vectors.o
  TIM6_DAC_IRQHandler        0x08000DA3                  2  Code  Wk  stm32l432xx_Vectors.o
  TIM7_IRQHandler            0x08000DA5                  2  Code  Wk  stm32l432xx_Vectors.o
  TSC_IRQHandler             0x08000DC9                  2  Code  Wk  stm32l432xx_Vectors.o
  USART1_IRQHandler          0x08000D99                  2  Code  Wk  stm32l432xx_Vectors.o
  USART2_IRQHandler          0x08000D9B                  2  Code  Wk  stm32l432xx_Vectors.o
  USB_IRQHandler             0x08000DB7                  2  Code  Wk  stm32l432xx_Vectors.o
  UsageFault_Handler         0x08000AA3                  2  Code  Wk  stm32l432xx_Vectors.o
  WWDG_IRQHandler            0x08000CE7                  2  Code  Wk  stm32l432xx_Vectors.o
  __SEGGER_init_copy         0x08000E3D          20      2  Code  Wk  SEGGER_crtinit.o (SEGGER_crtinit_v7em_fpv4_sp_d16_hard_t_le_eabi_balanced.a)
  __SEGGER_init_ctors        0x08000DFD          26      4  Code  Wk  SEGGER_crtinit.o (SEGGER_crtinit_v7em_fpv4_sp_d16_hard_t_le_eabi_balanced.a)
  __SEGGER_init_done         0x08000493                  4  Code  Gb  SEGGER_THUMB_Startup.o
  __aeabi_d2uiz              0x080008C9          36      4  Code  Wk  floatasmops_arm.o (libc_v7em_fpv4_sp_d16_hard_t_le_eabi_balanced.a)
  __aeabi_dadd               0x080004C5         574      4  Code  Wk  floatasmops_arm.o (libc_v7em_fpv4_sp_d16_hard_t_le_eabi_balanced.a)
  __aeabi_ddiv               0x08000705         450      4  Code  Wk  floatasmops_arm.o (libc_v7em_fpv4_sp_d16_hard_t_le_eabi_balanced.a)
  __aeabi_ui2d               0x080008ED          28      4  Code  Wk  floatasmops_arm.o (libc_v7em_fpv4_sp_d16_hard_t_le_eabi_balanced.a)
  __startup_complete         0x08000493                  4  Code  Gb  SEGGER_THUMB_Startup.o
  _start                     0x08000489          14      4  Code  Gb  SEGGER_THUMB_Startup.o
  configureClock             0x08000C2D          98      4  Code  Gb  STM32L432KC_RCC.o
  configureFlash             0x08000AA5          26      4  Code  Gb  STM32L432KC_FLASH.o
  configurePLL               0x08000B55         214      4  Code  Gb  STM32L432KC_RCC.o
  configureTIM15             0x08000411         120      4  Code  Gb  STM32L432KC_TIM.o
  configureTIM16             0x08000CE9         114      4  Code  Gb  STM32L432KC_TIM.o
  defineDutyFreq             0x08000191         160      8  Code  Gb  STM32L432KC_TIM.o
  delay                      0x08000C91          86      4  Code  Gb  STM32L432KC_TIM.o
  enablePWM                  0x080003E9          40      4  Code  Gb  STM32L432KC_GPIO.o
  exit                       0x08000497           2      4  Code  Gb  SEGGER_THUMB_Startup.o
  main                       0x08000A7D          38      4  Code  Gb  main.o
  melody                     0x080002BD          92      4  Code  Gb  main.o
  pinMode                    0x08000AC1         146      4  Code  Gb  STM32L432KC_GPIO.o
  reset_handler              0x08000DD1                  2  Code  Gb  STM32L4xx_Startup.o

Function symbols by address:

     Address  Symbol name                      Size  Align  Type  Bd  Object File
  ----------  -------------------------  ----------  -----  ----  --  -----------
  0x0800018D  NMI_Handler                                2  Code  Wk  stm32l432xx_Vectors.o
  0x0800018F  MemManage_Handler                          2  Code  Wk  stm32l432xx_Vectors.o
  0x08000191  defineDutyFreq                    160      8  Code  Gb  STM32L432KC_TIM.o
  0x08000231  SystemInit                         92      4  Code  Gb  system_stm32l4xx.o
  0x080002BD  melody                             92      4  Code  Gb  main.o
  0x080003E9  enablePWM                          40      4  Code  Gb  STM32L432KC_GPIO.o
  0x08000411  configureTIM15                    120      4  Code  Gb  STM32L432KC_TIM.o
  0x08000489  _start                             14      4  Code  Gb  SEGGER_THUMB_Startup.o
  0x08000493  __startup_complete                         4  Code  Gb  SEGGER_THUMB_Startup.o
  0x08000493  __SEGGER_init_done                         4  Code  Gb  SEGGER_THUMB_Startup.o
  0x08000497  exit                                2      4  Code  Gb  SEGGER_THUMB_Startup.o
  0x0800049D  HardFault_Handler                          4  Code  Wk  STM32L4xx_Startup.o
  0x080004C5  __aeabi_dadd                      574      4  Code  Wk  floatasmops_arm.o (libc_v7em_fpv4_sp_d16_hard_t_le_eabi_balanced.a)
  0x08000705  __aeabi_ddiv                      450      4  Code  Wk  floatasmops_arm.o (libc_v7em_fpv4_sp_d16_hard_t_le_eabi_balanced.a)
  0x080008C9  __aeabi_d2uiz                      36      4  Code  Wk  floatasmops_arm.o (libc_v7em_fpv4_sp_d16_hard_t_le_eabi_balanced.a)
  0x080008ED  __aeabi_ui2d                       28      4  Code  Wk  floatasmops_arm.o (libc_v7em_fpv4_sp_d16_hard_t_le_eabi_balanced.a)
  0x08000909  SystemCoreClockUpdate             370      4  Code  Gb  system_stm32l4xx.o
  0x08000A7B  BusFault_Handler                           2  Code  Wk  stm32l432xx_Vectors.o
  0x08000A7D  main                               38      4  Code  Gb  main.o
  0x08000AA3  UsageFault_Handler                         2  Code  Wk  stm32l432xx_Vectors.o
  0x08000AA5  configureFlash                     26      4  Code  Gb  STM32L432KC_FLASH.o
  0x08000ABF  SVC_Handler                                2  Code  Wk  stm32l432xx_Vectors.o
  0x08000AC1  pinMode                           146      4  Code  Gb  STM32L432KC_GPIO.o
  0x08000B53  DebugMon_Handler                           2  Code  Wk  stm32l432xx_Vectors.o
  0x08000B55  configurePLL                      214      4  Code  Gb  STM32L432KC_RCC.o
  0x08000C2B  PendSV_Handler                             2  Code  Wk  stm32l432xx_Vectors.o
  0x08000C2D  configureClock                     98      4  Code  Gb  STM32L432KC_RCC.o
  0x08000C8F  SysTick_Handler                            2  Code  Wk  stm32l432xx_Vectors.o
  0x08000C91  delay                              86      4  Code  Gb  STM32L432KC_TIM.o
  0x08000CE7  WWDG_IRQHandler                            2  Code  Wk  stm32l432xx_Vectors.o
  0x08000CE9  configureTIM16                    114      4  Code  Gb  STM32L432KC_TIM.o
  0x08000D5B  PVD_PVM_IRQHandler                         2  Code  Wk  stm32l432xx_Vectors.o
  0x08000D5D  TAMP_STAMP_IRQHandler                      2  Code  Wk  stm32l432xx_Vectors.o
  0x08000D5F  RTC_WKUP_IRQHandler                        2  Code  Wk  stm32l432xx_Vectors.o
  0x08000D61  FLASH_IRQHandler                           2  Code  Wk  stm32l432xx_Vectors.o
  0x08000D63  RCC_IRQHandler                             2  Code  Wk  stm32l432xx_Vectors.o
  0x08000D65  EXTI0_IRQHandler                           2  Code  Wk  stm32l432xx_Vectors.o
  0x08000D67  EXTI1_IRQHandler                           2  Code  Wk  stm32l432xx_Vectors.o
  0x08000D69  EXTI2_IRQHandler                           2  Code  Wk  stm32l432xx_Vectors.o
  0x08000D6B  EXTI3_IRQHandler                           2  Code  Wk  stm32l432xx_Vectors.o
  0x08000D6D  EXTI4_IRQHandler                           2  Code  Wk  stm32l432xx_Vectors.o
  0x08000D6F  DMA1_Channel1_IRQHandler                   2  Code  Wk  stm32l432xx_Vectors.o
  0x08000D71  DMA1_Channel2_IRQHandler                   2  Code  Wk  stm32l432xx_Vectors.o
  0x08000D73  DMA1_Channel3_IRQHandler                   2  Code  Wk  stm32l432xx_Vectors.o
  0x08000D75  DMA1_Channel4_IRQHandler                   2  Code  Wk  stm32l432xx_Vectors.o
  0x08000D77  DMA1_Channel5_IRQHandler                   2  Code  Wk  stm32l432xx_Vectors.o
  0x08000D79  DMA1_Channel6_IRQHandler                   2  Code  Wk  stm32l432xx_Vectors.o
  0x08000D7B  DMA1_Channel7_IRQHandler                   2  Code  Wk  stm32l432xx_Vectors.o
  0x08000D7D  ADC1_IRQHandler                            2  Code  Wk  stm32l432xx_Vectors.o
  0x08000D7F  CAN1_TX_IRQHandler                         2  Code  Wk  stm32l432xx_Vectors.o
  0x08000D81  CAN1_RX0_IRQHandler                        2  Code  Wk  stm32l432xx_Vectors.o
  0x08000D83  CAN1_RX1_IRQHandler                        2  Code  Wk  stm32l432xx_Vectors.o
  0x08000D85  CAN1_SCE_IRQHandler                        2  Code  Wk  stm32l432xx_Vectors.o
  0x08000D87  EXTI9_5_IRQHandler                         2  Code  Wk  stm32l432xx_Vectors.o
  0x08000D89  TIM1_BRK_TIM15_IRQHandler                  2  Code  Wk  stm32l432xx_Vectors.o
  0x08000D8B  TIM1_UP_TIM16_IRQHandler                   2  Code  Wk  stm32l432xx_Vectors.o
  0x08000D8D  TIM1_TRG_COM_IRQHandler                    2  Code  Wk  stm32l432xx_Vectors.o
  0x08000D8F  TIM1_CC_IRQHandler                         2  Code  Wk  stm32l432xx_Vectors.o
  0x08000D91  TIM2_IRQHandler                            2  Code  Wk  stm32l432xx_Vectors.o
  0x08000D93  I2C1_EV_IRQHandler                         2  Code  Wk  stm32l432xx_Vectors.o
  0x08000D95  I2C1_ER_IRQHandler                         2  Code  Wk  stm32l432xx_Vectors.o
  0x08000D97  SPI1_IRQHandler                            2  Code  Wk  stm32l432xx_Vectors.o
  0x08000D99  USART1_IRQHandler                          2  Code  Wk  stm32l432xx_Vectors.o
  0x08000D9B  USART2_IRQHandler                          2  Code  Wk  stm32l432xx_Vectors.o
  0x08000D9D  EXTI15_10_IRQHandler                       2  Code  Wk  stm32l432xx_Vectors.o
  0x08000D9F  RTC_Alarm_IRQHandler                       2  Code  Wk  stm32l432xx_Vectors.o
  0x08000DA1  SPI3_IRQHandler                            2  Code  Wk  stm32l432xx_Vectors.o
  0x08000DA3  TIM6_DAC_IRQHandler                        2  Code  Wk  stm32l432xx_Vectors.o
  0x08000DA5  TIM7_IRQHandler                            2  Code  Wk  stm32l432xx_Vectors.o
  0x08000DA7  DMA2_Channel1_IRQHandler                   2  Code  Wk  stm32l432xx_Vectors.o
  0x08000DA9  DMA2_Channel2_IRQHandler                   2  Code  Wk  stm32l432xx_Vectors.o
  0x08000DAB  DMA2_Channel3_IRQHandler                   2  Code  Wk  stm32l432xx_Vectors.o
  0x08000DAD  DMA2_Channel4_IRQHandler                   2  Code  Wk  stm32l432xx_Vectors.o
  0x08000DAF  DMA2_Channel5_IRQHandler                   2  Code  Wk  stm32l432xx_Vectors.o
  0x08000DB1  COMP_IRQHandler                            2  Code  Wk  stm32l432xx_Vectors.o
  0x08000DB3  LPTIM1_IRQHandler                          2  Code  Wk  stm32l432xx_Vectors.o
  0x08000DB5  LPTIM2_IRQHandler                          2  Code  Wk  stm32l432xx_Vectors.o
  0x08000DB7  USB_IRQHandler                             2  Code  Wk  stm32l432xx_Vectors.o
  0x08000DB9  DMA2_Channel6_IRQHandler                   2  Code  Wk  stm32l432xx_Vectors.o
  0x08000DBB  DMA2_Channel7_IRQHandler                   2  Code  Wk  stm32l432xx_Vectors.o
  0x08000DBD  LPUART1_IRQHandler                         2  Code  Wk  stm32l432xx_Vectors.o
  0x08000DBF  QUADSPI_IRQHandler                         2  Code  Wk  stm32l432xx_Vectors.o
  0x08000DC1  I2C3_EV_IRQHandler                         2  Code  Wk  stm32l432xx_Vectors.o
  0x08000DC3  I2C3_ER_IRQHandler                         2  Code  Wk  stm32l432xx_Vectors.o
  0x08000DC5  SAI1_IRQHandler                            2  Code  Wk  stm32l432xx_Vectors.o
  0x08000DC7  SWPMI1_IRQHandler                          2  Code  Wk  stm32l432xx_Vectors.o
  0x08000DC9  TSC_IRQHandler                             2  Code  Wk  stm32l432xx_Vectors.o
  0x08000DCB  RNG_IRQHandler                             2  Code  Wk  stm32l432xx_Vectors.o
  0x08000DCD  FPU_IRQHandler                             2  Code  Wk  stm32l432xx_Vectors.o
  0x08000DCF  CRS_IRQHandler                             2  Code  Wk  stm32l432xx_Vectors.o
  0x08000DD1  reset_handler                              2  Code  Gb  STM32L4xx_Startup.o
  0x08000DD1  Reset_Handler                              2  Code  Gb  STM32L4xx_Startup.o
  0x08000DFD  __SEGGER_init_ctors                26      4  Code  Wk  SEGGER_crtinit.o (SEGGER_crtinit_v7em_fpv4_sp_d16_hard_t_le_eabi_balanced.a)
  0x08000E3D  __SEGGER_init_copy                 20      2  Code  Wk  SEGGER_crtinit.o (SEGGER_crtinit_v7em_fpv4_sp_d16_hard_t_le_eabi_balanced.a)

Function symbols by descending size:

  Symbol name                      Size  Align  Type  Bd  Object File
  -------------------------  ----------  -----  ----  --  -----------
  __aeabi_dadd                      574      4  Code  Wk  floatasmops_arm.o (libc_v7em_fpv4_sp_d16_hard_t_le_eabi_balanced.a)
  __aeabi_ddiv                      450      4  Code  Wk  floatasmops_arm.o (libc_v7em_fpv4_sp_d16_hard_t_le_eabi_balanced.a)
  SystemCoreClockUpdate             370      4  Code  Gb  system_stm32l4xx.o
  configurePLL                      214      4  Code  Gb  STM32L432KC_RCC.o
  defineDutyFreq                    160      8  Code  Gb  STM32L432KC_TIM.o
  pinMode                           146      4  Code  Gb  STM32L432KC_GPIO.o
  configureTIM15                    120      4  Code  Gb  STM32L432KC_TIM.o
  configureTIM16                    114      4  Code  Gb  STM32L432KC_TIM.o
  configureClock                     98      4  Code  Gb  STM32L432KC_RCC.o
  SystemInit                         92      4  Code  Gb  system_stm32l4xx.o
  melody                             92      4  Code  Gb  main.o
  delay                              86      4  Code  Gb  STM32L432KC_TIM.o
  enablePWM                          40      4  Code  Gb  STM32L432KC_GPIO.o
  main                               38      4  Code  Gb  main.o
  __aeabi_d2uiz                      36      4  Code  Wk  floatasmops_arm.o (libc_v7em_fpv4_sp_d16_hard_t_le_eabi_balanced.a)
  __aeabi_ui2d                       28      4  Code  Wk  floatasmops_arm.o (libc_v7em_fpv4_sp_d16_hard_t_le_eabi_balanced.a)
  __SEGGER_init_ctors                26      4  Code  Wk  SEGGER_crtinit.o (SEGGER_crtinit_v7em_fpv4_sp_d16_hard_t_le_eabi_balanced.a)
  configureFlash                     26      4  Code  Gb  STM32L432KC_FLASH.o
  __SEGGER_init_copy                 20      2  Code  Wk  SEGGER_crtinit.o (SEGGER_crtinit_v7em_fpv4_sp_d16_hard_t_le_eabi_balanced.a)
  _start                             14      4  Code  Gb  SEGGER_THUMB_Startup.o
  exit                                2      4  Code  Gb  SEGGER_THUMB_Startup.o
  ADC1_IRQHandler                            2  Code  Wk  stm32l432xx_Vectors.o
  BusFault_Handler                           2  Code  Wk  stm32l432xx_Vectors.o
  CAN1_RX0_IRQHandler                        2  Code  Wk  stm32l432xx_Vectors.o
  CAN1_RX1_IRQHandler                        2  Code  Wk  stm32l432xx_Vectors.o
  CAN1_SCE_IRQHandler                        2  Code  Wk  stm32l432xx_Vectors.o
  CAN1_TX_IRQHandler                         2  Code  Wk  stm32l432xx_Vectors.o
  COMP_IRQHandler                            2  Code  Wk  stm32l432xx_Vectors.o
  CRS_IRQHandler                             2  Code  Wk  stm32l432xx_Vectors.o
  DMA1_Channel1_IRQHandler                   2  Code  Wk  stm32l432xx_Vectors.o
  DMA1_Channel2_IRQHandler                   2  Code  Wk  stm32l432xx_Vectors.o
  DMA1_Channel3_IRQHandler                   2  Code  Wk  stm32l432xx_Vectors.o
  DMA1_Channel4_IRQHandler                   2  Code  Wk  stm32l432xx_Vectors.o
  DMA1_Channel5_IRQHandler                   2  Code  Wk  stm32l432xx_Vectors.o
  DMA1_Channel6_IRQHandler                   2  Code  Wk  stm32l432xx_Vectors.o
  DMA1_Channel7_IRQHandler                   2  Code  Wk  stm32l432xx_Vectors.o
  DMA2_Channel1_IRQHandler                   2  Code  Wk  stm32l432xx_Vectors.o
  DMA2_Channel2_IRQHandler                   2  Code  Wk  stm32l432xx_Vectors.o
  DMA2_Channel3_IRQHandler                   2  Code  Wk  stm32l432xx_Vectors.o
  DMA2_Channel4_IRQHandler                   2  Code  Wk  stm32l432xx_Vectors.o
  DMA2_Channel5_IRQHandler                   2  Code  Wk  stm32l432xx_Vectors.o
  DMA2_Channel6_IRQHandler                   2  Code  Wk  stm32l432xx_Vectors.o
  DMA2_Channel7_IRQHandler                   2  Code  Wk  stm32l432xx_Vectors.o
  DebugMon_Handler                           2  Code  Wk  stm32l432xx_Vectors.o
  EXTI0_IRQHandler                           2  Code  Wk  stm32l432xx_Vectors.o
  EXTI15_10_IRQHandler                       2  Code  Wk  stm32l432xx_Vectors.o
  EXTI1_IRQHandler                           2  Code  Wk  stm32l432xx_Vectors.o
  EXTI2_IRQHandler                           2  Code  Wk  stm32l432xx_Vectors.o
  EXTI3_IRQHandler                           2  Code  Wk  stm32l432xx_Vectors.o
  EXTI4_IRQHandler                           2  Code  Wk  stm32l432xx_Vectors.o
  EXTI9_5_IRQHandler                         2  Code  Wk  stm32l432xx_Vectors.o
  FLASH_IRQHandler                           2  Code  Wk  stm32l432xx_Vectors.o
  FPU_IRQHandler                             2  Code  Wk  stm32l432xx_Vectors.o
  HardFault_Handler                          4  Code  Wk  STM32L4xx_Startup.o
  I2C1_ER_IRQHandler                         2  Code  Wk  stm32l432xx_Vectors.o
  I2C1_EV_IRQHandler                         2  Code  Wk  stm32l432xx_Vectors.o
  I2C3_ER_IRQHandler                         2  Code  Wk  stm32l432xx_Vectors.o
  I2C3_EV_IRQHandler                         2  Code  Wk  stm32l432xx_Vectors.o
  LPTIM1_IRQHandler                          2  Code  Wk  stm32l432xx_Vectors.o
  LPTIM2_IRQHandler                          2  Code  Wk  stm32l432xx_Vectors.o
  LPUART1_IRQHandler                         2  Code  Wk  stm32l432xx_Vectors.o
  MemManage_Handler                          2  Code  Wk  stm32l432xx_Vectors.o
  NMI_Handler                                2  Code  Wk  stm32l432xx_Vectors.o
  PVD_PVM_IRQHandler                         2  Code  Wk  stm32l432xx_Vectors.o
  PendSV_Handler                             2  Code  Wk  stm32l432xx_Vectors.o
  QUADSPI_IRQHandler                         2  Code  Wk  stm32l432xx_Vectors.o
  RCC_IRQHandler                             2  Code  Wk  stm32l432xx_Vectors.o
  RNG_IRQHandler                             2  Code  Wk  stm32l432xx_Vectors.o
  RTC_Alarm_IRQHandler                       2  Code  Wk  stm32l432xx_Vectors.o
  RTC_WKUP_IRQHandler                        2  Code  Wk  stm32l432xx_Vectors.o
  Reset_Handler                              2  Code  Gb  STM32L4xx_Startup.o
  SAI1_IRQHandler                            2  Code  Wk  stm32l432xx_Vectors.o
  SPI1_IRQHandler                            2  Code  Wk  stm32l432xx_Vectors.o
  SPI3_IRQHandler                            2  Code  Wk  stm32l432xx_Vectors.o
  SVC_Handler                                2  Code  Wk  stm32l432xx_Vectors.o
  SWPMI1_IRQHandler                          2  Code  Wk  stm32l432xx_Vectors.o
  SysTick_Handler                            2  Code  Wk  stm32l432xx_Vectors.o
  TAMP_STAMP_IRQHandler                      2  Code  Wk  stm32l432xx_Vectors.o
  TIM1_BRK_TIM15_IRQHandler                  2  Code  Wk  stm32l432xx_Vectors.o
  TIM1_CC_IRQHandler                         2  Code  Wk  stm32l432xx_Vectors.o
  TIM1_TRG_COM_IRQHandler                    2  Code  Wk  stm32l432xx_Vectors.o
  TIM1_UP_TIM16_IRQHandler                   2  Code  Wk  stm32l432xx_Vectors.o
  TIM2_IRQHandler                            2  Code  Wk  stm32l432xx_Vectors.o
  TIM6_DAC_IRQHandler                        2  Code  Wk  stm32l432xx_Vectors.o
  TIM7_IRQHandler                            2  Code  Wk  stm32l432xx_Vectors.o
  TSC_IRQHandler                             2  Code  Wk  stm32l432xx_Vectors.o
  USART1_IRQHandler                          2  Code  Wk  stm32l432xx_Vectors.o
  USART2_IRQHandler                          2  Code  Wk  stm32l432xx_Vectors.o
  USB_IRQHandler                             2  Code  Wk  stm32l432xx_Vectors.o
  UsageFault_Handler                         2  Code  Wk  stm32l432xx_Vectors.o
  WWDG_IRQHandler                            2  Code  Wk  stm32l432xx_Vectors.o
  __SEGGER_init_done                         4  Code  Gb  SEGGER_THUMB_Startup.o
  __startup_complete                         4  Code  Gb  SEGGER_THUMB_Startup.o
  reset_handler                              2  Code  Gb  STM32L4xx_Startup.o

Read-write data symbols by name:

  Symbol name                   Address        Size  Align  Type  Bd  Object File
  -------------------------  ----------  ----------  -----  ----  --  -----------
  SystemCoreClock            0x10000000           4      4  Init  Gb  system_stm32l4xx.o

Read-write data symbols by address:

     Address  Symbol name                      Size  Align  Type  Bd  Object File
  ----------  -------------------------  ----------  -----  ----  --  -----------
  0x10000000  SystemCoreClock                     4      4  Init  Gb  system_stm32l4xx.o

Read-write data symbols by descending size:

  Symbol name                      Size  Align  Type  Bd  Object File
  -------------------------  ----------  -----  ----  --  -----------
  SystemCoreClock                     4      4  Init  Gb  system_stm32l4xx.o

Read-only data symbols by name:

  Symbol name                   Address        Size  Align  Type  Bd  Object File
  -------------------------  ----------  ----------  -----  ----  --  -----------
  AHBPrescTable              0x08000DEC          16         Cnst  Gb  system_stm32l4xx.o
  MSIRangeTable              0x0800028C          48      4  Cnst  Gb  system_stm32l4xx.o
  __SEGGER_init_data__       0x08000E38         [4]      4  Cnst  Lc  [ Linker created ]
  __SEGGER_init_table__      0x08000E20        [24]      4  Cnst  Lc  [ Linker created ]
  birthday                   0x08000318         208      4  Cnst  Gb  main.o

Read-only data symbols by address:

     Address  Symbol name                      Size  Align  Type  Bd  Object File
  ----------  -------------------------  ----------  -----  ----  --  -----------
  0x0800028C  MSIRangeTable                      48      4  Cnst  Gb  system_stm32l4xx.o
  0x08000318  birthday                          208      4  Cnst  Gb  main.o
  0x08000DEC  AHBPrescTable                      16         Cnst  Gb  system_stm32l4xx.o
  0x08000E20  __SEGGER_init_table__            [24]      4  Cnst  Lc  [ Linker created ]
  0x08000E38  __SEGGER_init_data__              [4]      4  Cnst  Lc  [ Linker created ]

Untyped symbols by name:

  Symbol name                     Value        Size  Align  Type  Bd  Object File
  -------------------------  ----------  ----------  -----  ----  --  -----------
  __FLASH1_segment_end__     0x08040000                     ----  Gb  [ Linker created ]
  __FLASH1_segment_size__    0x00040000                     ----  Gb  [ Linker created ]
  __FLASH1_segment_start__   0x08000000                     ----  Gb  [ Linker created ]
  __FLASH1_segment_used_end__
                             0x08000E50                     ----  Gb  [ Linker created ]
  __FLASH1_segment_used_size__
                             0x00000E50                     ----  Gb  [ Linker created ]
  __FLASH1_segment_used_start__
                             0x08000000                     ----  Gb  [ Linker created ]
  __FLASH_segment_end__      0x08040000                     ----  Gb  [ Linker created ]
  __FLASH_segment_size__     0x00040000                     ----  Gb  [ Linker created ]
  __FLASH_segment_start__    0x08000000                     ----  Gb  [ Linker created ]
  __FLASH_segment_used_end__
                             0x08000E50                     ----  Gb  [ Linker created ]
  __FLASH_segment_used_size__
                             0x00000E50                     ----  Gb  [ Linker created ]
  __FLASH_segment_used_start__
                             0x08000000                     ----  Gb  [ Linker created ]
  __HEAPSIZE__               0x00000400                     ----  Gb  [ Linker created ]
  __RAM1_segment_end__       0x10004000                     ----  Gb  [ Linker created ]
  __RAM1_segment_size__      0x00004000                     ----  Gb  [ Linker created ]
  __RAM1_segment_start__     0x10000000                     ----  Gb  [ Linker created ]
  __RAM1_segment_used_end__  0x10000004                     ----  Gb  [ Linker created ]
  __RAM1_segment_used_size__
                             0x00000004                     ----  Gb  [ Linker created ]
  __RAM1_segment_used_start__
                             0x10000000                     ----  Gb  [ Linker created ]
  __RAM2_segment_end__       0x2000C000                     ----  Gb  [ Linker created ]
  __RAM2_segment_size__      0x0000C000                     ----  Gb  [ Linker created ]
  __RAM2_segment_start__     0x20000000                     ----  Gb  [ Linker created ]
  __RAM2_segment_used_end__  0x2000C000                     ----  Gb  [ Linker created ]
  __RAM2_segment_used_size__
                             0x00000800                     ----  Gb  [ Linker created ]
  __RAM2_segment_used_start__
                             0x2000B800                     ----  Gb  [ Linker created ]
  __RAM_segment_end__        0x2000C000                     ----  Gb  [ Linker created ]
  __RAM_segment_size__       0x1000C000                     ----  Gb  [ Linker created ]
  __RAM_segment_start__      0x10000000                     ----  Gb  [ Linker created ]
  __RAM_segment_used_end__   0x2000C000                     ----  Gb  [ Linker created ]
  __RAM_segment_used_size__  0x1000C000                     ----  Gb  [ Linker created ]
  __RAM_segment_used_start__
                             0x10000000                     ----  Gb  [ Linker created ]
  __STACKSIZE_PROCESS__      0x00000000                     ----  Gb  [ Linker created ]
  __STACKSIZE__              0x00000800                     ----  Gb  [ Linker created ]
  __ctors_end__              0x08000DEC                     ----  Gb  [ Linker created ]
  __ctors_start__            0x08000DE8                     ----  Gb  [ Linker created ]
  __stack_end__              0x2000C000                     ----  Gb  [ Linker created ]
  __thread_pointer$          0x00000000                     ----  Gb  [ Linker created ]
  _vectors                   0x08000000       [396]    512  Code  Gb  stm32l432xx_Vectors.o
  _vectors_end               0x0800018C                512  Code  Lc  stm32l432xx_Vectors.o

Untyped symbols by address:

       Value  Symbol name                      Size  Align  Type  Bd  Object File
  ----------  -------------------------  ----------  -----  ----  --  -----------
  0x00000000  __thread_pointer$                             ----  Gb  [ Linker created ]
  0x00000000  __STACKSIZE_PROCESS__                         ----  Gb  [ Linker created ]
  0x00000004  __RAM1_segment_used_size__
                                                            ----  Gb  [ Linker created ]
  0x00000400  __HEAPSIZE__                                  ----  Gb  [ Linker created ]
  0x00000800  __STACKSIZE__                                 ----  Gb  [ Linker created ]
  0x00000800  __RAM2_segment_used_size__
                                                            ----  Gb  [ Linker created ]
  0x00000E50  __FLASH_segment_used_size__
                                                            ----  Gb  [ Linker created ]
  0x00000E50  __FLASH1_segment_used_size__
                                                            ----  Gb  [ Linker created ]
  0x00004000  __RAM1_segment_size__                         ----  Gb  [ Linker created ]
  0x0000C000  __RAM2_segment_size__                         ----  Gb  [ Linker created ]
  0x00040000  __FLASH_segment_size__                        ----  Gb  [ Linker created ]
  0x00040000  __FLASH1_segment_size__                       ----  Gb  [ Linker created ]
  0x08000000  _vectors                        [396]    512  Code  Gb  stm32l432xx_Vectors.o
  0x08000000  __FLASH_segment_used_start__
                                                            ----  Gb  [ Linker created ]
  0x08000000  __FLASH_segment_start__                       ----  Gb  [ Linker created ]
  0x08000000  __FLASH1_segment_used_start__
                                                            ----  Gb  [ Linker created ]
  0x08000000  __FLASH1_segment_start__                      ----  Gb  [ Linker created ]
  0x0800018C  _vectors_end                             512  Code  Lc  stm32l432xx_Vectors.o
  0x08000DE8  __ctors_start__                               ----  Gb  [ Linker created ]
  0x08000DEC  __ctors_end__                                 ----  Gb  [ Linker created ]
  0x08000E50  __FLASH_segment_used_end__
                                                            ----  Gb  [ Linker created ]
  0x08000E50  __FLASH1_segment_used_end__
                                                            ----  Gb  [ Linker created ]
  0x08040000  __FLASH_segment_end__                         ----  Gb  [ Linker created ]
  0x08040000  __FLASH1_segment_end__                        ----  Gb  [ Linker created ]
  0x10000000  __RAM_segment_used_start__
                                                            ----  Gb  [ Linker created ]
  0x10000000  __RAM_segment_start__                         ----  Gb  [ Linker created ]
  0x10000000  __RAM1_segment_used_start__
                                                            ----  Gb  [ Linker created ]
  0x10000000  __RAM1_segment_start__                        ----  Gb  [ Linker created ]
  0x10000004  __RAM1_segment_used_end__                     ----  Gb  [ Linker created ]
  0x10004000  __RAM1_segment_end__                          ----  Gb  [ Linker created ]
  0x1000C000  __RAM_segment_used_size__                     ----  Gb  [ Linker created ]
  0x1000C000  __RAM_segment_size__                          ----  Gb  [ Linker created ]
  0x20000000  __RAM2_segment_start__                        ----  Gb  [ Linker created ]
  0x2000B800  __RAM2_segment_used_start__
                                                            ----  Gb  [ Linker created ]
  0x2000C000  __stack_end__                                 ----  Gb  [ Linker created ]
  0x2000C000  __RAM_segment_used_end__                      ----  Gb  [ Linker created ]
  0x2000C000  __RAM_segment_end__                           ----  Gb  [ Linker created ]
  0x2000C000  __RAM2_segment_used_end__                     ----  Gb  [ Linker created ]
  0x2000C000  __RAM2_segment_end__                          ----  Gb  [ Linker created ]


***********************************************************************************************
***                                                                                         ***
***                                      LINK SUMMARY                                       ***
***                                                                                         ***
***********************************************************************************************

Memory breakdown:

    3 360 bytes read-only  code    + 
      300 bytes read-only  data    =   3 660 bytes read-only (total)
    2 052 bytes read-write data

Region summary:

  Name        Range                     Size                 Used               Unused       Alignment Loss
  ----------  -----------------  -----------  -------------------  -------------------  -------------------
  FLASH       08000000-0803ffff      262 144        3 664   1.40%      258 480  98.60%            0   0.00%
  RAM1        10000000-10003fff       16 384            4   0.02%       16 380  99.98%            0   0.00%
  RAM2        20000000-2000bfff       49 152        2 048   4.17%       47 104  95.83%            0   0.00%

Link complete: 0 errors, 0 warnings, 0 remarks
